- {"dt": "2024-03-20T17:26:09.979446", "lvl": "target", "msg": "U-Boot 2024.04-rc4 (Mar 11 2024 - 17:11:46 +0000)"}
- {"dt": "2024-03-20T17:26:09.979658", "lvl": "target", "msg": ""}
- {"dt": "2024-03-20T17:26:09.983363", "lvl": "target", "msg": "DRAM:  2 GiB"}
- {"dt": "2024-03-20T17:26:10.058446", "lvl": "target", "msg": "Core:  50 devices, 15 uclasses, devicetree: board"}
- {"dt": "2024-03-20T17:26:10.182645", "lvl": "target", "msg": "Flash: 32 MiB"}
- {"dt": "2024-03-20T17:26:10.193175", "lvl": "target", "msg": "Loading Environment from nowhere... OK"}
- {"dt": "2024-03-20T17:26:10.206423", "lvl": "target", "msg": "In:    serial"}
- {"dt": "2024-03-20T17:26:10.206895", "lvl": "target", "msg": "Out:   serial"}
- {"dt": "2024-03-20T17:26:10.207124", "lvl": "target", "msg": "Err:   serial"}
- {"dt": "2024-03-20T17:26:10.220692", "lvl": "target", "msg": "No working controllers found"}
- {"dt": "2024-03-20T17:26:10.225326", "lvl": "target", "msg": "Net:   eth0: virtio-net#32"}
- {"dt": "2024-03-20T17:26:12.234397", "lvl": "target", "msg": "Hit any key to stop autoboot:  2 \b\b\b 1 \b\b\b 0 "}
- {"dt": "2024-03-20T17:26:12.389815", "lvl": "target", "msg": "7[r[999;999H[6n8Failed to load EFI variables"}
- {"dt": "2024-03-20T17:26:15.566094", "lvl": "target", "msg": "[?25l[2J[1;1H[1;1H[2K[2;3H*** U-Boot Boot Menu ***[0K[3;1H[2K[10;1H[2K[11;3HPress UP/DOWN to move, ENTER to select, ESC to quit[0K[12;1H[2K[4;7H[7mUEFI Boot Manager[0m[5;7HUEFI Maintenance Menu[6;7Hvirtio 0[7;7Hvirtio 1[8;7HExit[10;3HHit any key to stop autoboot: 2 [10;3HHit any key to stop autoboot: 1 [10;1H[2K[?25h[2J[1;1HBooting: virtio 0"}
- {"dt": "2024-03-20T17:26:16.563686", "lvl": "target", "msg": "[0;37;40m[0;37;40m[0;37;40m[2J[1;1H[0;37;40m[2;30HGNU GRUB  version 2.11"}
- {"dt": "2024-03-20T17:26:16.564018", "lvl": "target", "msg": "\r"}
- {"dt": "2024-03-20T17:26:16.572124", "lvl": "target", "msg": "\r[0;37;40m[4;2H\u250C\u2500\u2500\u2500\u2500\u2500\u2500\u2500\u2500\u2500\u2500\u2500\u2500\u2500\u2500\u2500\u2500\u2500\u2500\u2500\u2500\u2500\u2500\u2500\u2500\u2500\u2500\u2500\u2500\u2500\u2500\u2500\u2500\u2500\u2500\u2500\u2500\u2500\u2500\u2500\u2500\u2500\u2500\u2500\u2500\u2500\u2500\u2500\u2500\u2500\u2500\u2500\u2500\u2500\u2500\u2500\u2500\u2500\u2500\u2500\u2500\u2500\u2500\u2500\u2500\u2500\u2500\u2500\u2500\u2500\u2500\u2500\u2500\u2500\u2500\u2500\u2500\u2510[5;2H\u2502[5;79H\u2502[6;2H\u2502[6;79H\u2502[7;2H\u2502[7;79H\u2502[8;2H\u2502[8;79H\u2502[9;2H\u2502[9;79H\u2502[10;2H\u2502[10;79H\u2502[11;2H\u2502[11;79H\u2502[12;2H\u2502[12;79H\u2502[13;2H\u2502[13;79H\u2502[14;2H\u2502[14;79H\u2502[15;2H\u2502[15;79H\u2502[16;2H\u2502[16;79H\u2502[17;2H\u2514\u2500\u2500\u2500\u2500\u2500\u2500\u2500\u2500\u2500\u2500\u2500\u2500\u2500\u2500\u2500\u2500\u2500\u2500\u2500\u2500\u2500\u2500\u2500\u2500\u2500\u2500\u2500\u2500\u2500\u2500\u2500\u2500\u2500\u2500\u2500\u2500\u2500\u2500\u2500\u2500\u2500\u2500\u2500\u2500\u2500\u2500\u2500\u2500\u2500\u2500\u2500\u2500\u2500\u2500\u2500\u2500\u2500\u2500\u2500\u2500\u2500\u2500\u2500\u2500\u2500\u2500\u2500\u2500\u2500\u2500\u2500\u2500\u2500\u2500\u2500\u2500\u2518[0;37;40m[18;2H[19;2H[0;37;40m     Use the \u25B2 and \u25BC keys to select which entry is highlighted.          "}
- {"dt": "2024-03-20T17:26:16.573024", "lvl": "target", "msg": "\r      Press enter to boot the selected OS, `e' to edit the commands       "}
- {"dt": "2024-03-20T17:26:16.573872", "lvl": "target", "msg": "\r      before booting or `c' for a command-line. ESC to return previous    "}
- {"dt": "2024-03-20T17:26:21.592539", "lvl": "target", "msg": "\r      menu.                                                               [5;80H [0;30;47m[5;3H*TRS (Trusted Reference Stack)                                              [0;37;40m[5;78H[0;37;40m[0;37;40m[6;3H TRS (Trusted Reference Stack) - Xen (if supported)                         [0;37;40m[6;78H[0;37;40m[0;37;40m[7;3H                                                                            [0;37;40m[7;78H[0;37;40m[0;37;40m[8;3H                                                                            [0;37;40m[8;78H[0;37;40m[0;37;40m[9;3H                                                                            [0;37;40m[9;78H[0;37;40m[0;37;40m[10;3H                                                                            [0;37;40m[10;78H[0;37;40m[0;37;40m[11;3H                                                                            [0;37;40m[11;78H[0;37;40m[0;37;40m[12;3H                                                                            [0;37;40m[12;78H[0;37;40m[0;37;40m[13;3H                                                                            [0;37;40m[13;78H[0;37;40m[0;37;40m[14;3H                                                                            [0;37;40m[14;78H[0;37;40m[0;37;40m[15;3H                                                                            [0;37;40m[15;78H[0;37;40m[0;37;40m[16;3H                                                                            [0;37;40m[16;78H[0;37;40m[16;80H [5;78H[23;1H   The highlighted entry will be executed automatically in 5s.                 [5;78H[23;1H   The highlighted entry will be executed automatically in 4s.                 [5;78H[23;1H   The highlighted entry will be executed automatically in 3s.                 [5;78H[23;1H   The highlighted entry will be executed automatically in 2s.                 [5;78H[23;1H   The highlighted entry will be executed automatically in 1s.                 [5;78H[23;1H   The highlighted entry will be executed automatically in 0s.                 [5;78H[?25h[0;37;40m[0;37;40m[2J[1;1H[0;37;40m[0;37;40m[0;37;40m[2J[1;1H[0;37;40m  Booting `TRS (Trusted Reference Stack)'"}
- {"dt": "2024-03-20T17:26:21.592852", "lvl": "target", "msg": "\r"}
- {"dt": "2024-03-20T17:26:21.594744", "lvl": "target", "msg": "\rLoading Linux ..."}
- {"dt": "2024-03-20T17:26:21.597864", "lvl": "target", "msg": "\r/Image verification is deferred"}
- {"dt": "2024-03-20T17:26:23.347203", "lvl": "target", "msg": "\rLoading initial ramdisk ..."}
- {"dt": "2024-03-20T17:26:26.472202", "lvl": "target", "msg": "\rEFI stub: Booting Linux Kernel...\r"}
- {"dt": "2024-03-20T17:26:27.572161", "lvl": "target", "msg": "EFI stub: Loaded initrd from LINUX_EFI_INITRD_MEDIA_GUID device path\r"}
- {"dt": "2024-03-20T17:26:28.422206", "lvl": "target", "msg": "EFI stub: Measured initrd data into PCR 9\r"}
- {"dt": "2024-03-20T17:26:28.443379", "lvl": "target", "msg": "EFI stub: WARNING: Failed to obtain seed from EFI_RNG_PROTOCOL or EFI variable\r"}
- {"dt": "2024-03-20T17:26:28.444055", "lvl": "target", "msg": "EFI stub: UEFI Secure Boot is enabled.\r"}
- {"dt": "2024-03-20T17:26:28.444921", "lvl": "target", "msg": "EFI stub: Using DTB from configuration table\r"}
- {"dt": "2024-03-20T17:26:28.445377", "lvl": "target", "msg": "EFI stub: Exiting boot services...\r"}
- {"dt": "2024-03-20T17:26:33.217549", "lvl": "target", "msg": "[    0.000000] Booting Linux on physical CPU 0x0000000000 [0x411fd070]"}
- {"dt": "2024-03-20T17:26:33.218373", "lvl": "debug", "msg": "start: 3.2.1 login-action (timeout 00:39:21) [common]"}
- {"dt": "2024-03-20T17:26:33.218651", "lvl": "debug", "msg": "Setting prompt string to []"}
- {"dt": "2024-03-20T17:26:33.218877", "lvl": "debug", "msg": "Setting prompt string to ['-\\\\[ cut here \\\\]', 'Unhandled fault', 'BUG: KCSAN:', 'BUG: KASAN:', 'BUG: KFENCE:', 'Oops(?: -|:)', 'WARNING:', '(kernel BUG at|BUG:)', 'invalid opcode:', 'Kernel panic - not syncing']"}
- {"dt": "2024-03-20T17:26:33.219156", "lvl": "debug", "msg": "Using line separator: #'\\n'#"}
- {"dt": "2024-03-20T17:26:33.219368", "lvl": "info", "msg": "Waiting for the login prompt"}
- {"dt": "2024-03-20T17:26:33.219606", "lvl": "info", "msg": "Parsing kernel messages"}
- {"dt": "2024-03-20T17:26:33.219802", "lvl": "debug", "msg": ["-\\[ cut here \\]", "Unhandled fault", "BUG: KCSAN:", "BUG: KASAN:", "BUG: KFENCE:", "Oops(?: -|:)", "WARNING:", "(kernel BUG at|BUG:)", "invalid opcode:", "Kernel panic - not syncing", "ewaol@(.*):[/~]\\$", "root@(.*):[/~]#", "login:", "Login incorrect"]}
- {"dt": "2024-03-20T17:26:33.220181", "lvl": "debug", "msg": "[login-action] Waiting for messages, (timeout 00:39:21)"}
- {"dt": "2024-03-20T17:26:33.220411", "lvl": "debug", "msg": "Waiting using forced prompt support (timeout 00:19:40)"}
- {"dt": "2024-03-20T17:26:33.222062", "lvl": "target", "msg": "[    0.000000] Linux version 6.5.10-yocto-standard (oe-user@oe-host) (aarch64-trs-linux-gcc (GCC) 13.2.0, GNU ld (GNU Binutils) 2.41.0.20231126) #1 SMP PREEMPT Tue Nov  7 02:23:29 UTC 2023"}
- {"dt": "2024-03-20T17:26:33.222321", "lvl": "target", "msg": "[    0.000000] KASLR disabled due to lack of seed"}
- {"dt": "2024-03-20T17:26:33.222521", "lvl": "target", "msg": "[    0.000000] random: crng init done"}
- {"dt": "2024-03-20T17:26:33.222708", "lvl": "target", "msg": "[    0.000000] Machine model: linux,dummy-virt"}
- {"dt": "2024-03-20T17:26:33.222890", "lvl": "target", "msg": "[    0.000000] efi: EFI v2.10 by Das U-Boot"}
- {"dt": "2024-03-20T17:26:33.223072", "lvl": "target", "msg": "[    0.000000] efi: TPMFinalLog=0xbd649040 RTPROP=0xbd647040 SMBIOS 3.0=0xbe6a9000 TPMEventLog=0xbd5b0040 INITRD=0xbd5af040 MEMRESERVE=0xbd5ae040 "}
- {"dt": "2024-03-20T17:26:33.223286", "lvl": "target", "msg": "[    0.000000] OF: reserved mem: 0x000000000e100000..0x000000000effffff (15360 KiB) nomap non-reusable optee_core@e100000"}
- {"dt": "2024-03-20T17:26:33.223466", "lvl": "target", "msg": "[    0.000000] OF: reserved mem: 0x0000000042000000..0x00000000421fffff (2048 KiB) nomap non-reusable optee_shm@42000000"}
- {"dt": "2024-03-20T17:26:33.223675", "lvl": "target", "msg": "[    0.000000] NUMA: No NUMA configuration found"}
- {"dt": "2024-03-20T17:26:33.223938", "lvl": "target", "msg": "[    0.000000] NUMA: Faking a node at [mem 0x000000000e100000-0x00000000bfffffff]"}
- {"dt": "2024-03-20T17:26:33.224143", "lvl": "target", "msg": "[    0.000000] NUMA: NODE_DATA [mem 0xbf9f38c0-0xbf9f5fff]"}
- {"dt": "2024-03-20T17:26:33.224333", "lvl": "target", "msg": "[    0.000000] Zone ranges:"}
- {"dt": "2024-03-20T17:26:33.224557", "lvl": "target", "msg": "[    0.000000]   DMA      [mem 0x000000000e100000-0x00000000bfffffff]"}
- {"dt": "2024-03-20T17:26:33.224787", "lvl": "target", "msg": "[    0.000000]   DMA32    empty"}
- {"dt": "2024-03-20T17:26:33.224997", "lvl": "target", "msg": "[    0.000000]   Normal   empty"}
- {"dt": "2024-03-20T17:26:33.225162", "lvl": "target", "msg": "[    0.000000] Movable zone start for each node"}
- {"dt": "2024-03-20T17:26:33.225318", "lvl": "target", "msg": "[    0.000000] Early memory node ranges"}
- {"dt": "2024-03-20T17:26:33.225466", "lvl": "target", "msg": "[    0.000000]   node   0: [mem 0x000000000e100000-0x000000000effffff]"}
- {"dt": "2024-03-20T17:26:33.225620", "lvl": "target", "msg": "[    0.000000]   node   0: [mem 0x0000000040000000-0x0000000041ffffff]"}
- {"dt": "2024-03-20T17:26:33.225817", "lvl": "target", "msg": "[    0.000000]   node   0: [mem 0x0000000042000000-0x00000000421fffff]"}
- {"dt": "2024-03-20T17:26:33.225965", "lvl": "target", "msg": "[    0.000000]   node   0: [mem 0x0000000042200000-0x00000000bd646fff]"}
- {"dt": "2024-03-20T17:26:33.226113", "lvl": "target", "msg": "[    0.000000]   node   0: [mem 0x00000000bd647000-0x00000000bd647fff]"}
- {"dt": "2024-03-20T17:26:33.226258", "lvl": "target", "msg": "[    0.000000]   node   0: [mem 0x00000000bd648000-0x00000000bd648fff]"}
- {"dt": "2024-03-20T17:26:33.226432", "lvl": "target", "msg": "[    0.000000]   node   0: [mem 0x00000000bd649000-0x00000000bd659fff]"}
- {"dt": "2024-03-20T17:26:33.226579", "lvl": "target", "msg": "[    0.000000]   node   0: [mem 0x00000000bd65a000-0x00000000bd66bfff]"}
- {"dt": "2024-03-20T17:26:33.226752", "lvl": "target", "msg": "[    0.000000]   node   0: [mem 0x00000000bd66c000-0x00000000bd66dfff]"}
- {"dt": "2024-03-20T17:26:33.227173", "lvl": "target", "msg": "[    0.000000]   node   0: [mem 0x00000000bd66e000-0x00000000bd66efff]"}
- {"dt": "2024-03-20T17:26:33.227595", "lvl": "target", "msg": "[    0.000000]   node   0: [mem 0x00000000bd66f000-0x00000000bd67efff]"}
- {"dt": "2024-03-20T17:26:33.227802", "lvl": "target", "msg": "[    0.000000]   node   0: [mem 0x00000000bd67f000-0x00000000be6a8fff]"}
- {"dt": "2024-03-20T17:26:33.228377", "lvl": "target", "msg": "[    0.000000]   node   0: [mem 0x00000000be6a9000-0x00000000be6a9fff]"}
- {"dt": "2024-03-20T17:26:33.228625", "lvl": "target", "msg": "[    0.000000]   node   0: [mem 0x00000000be6aa000-0x00000000bf6bffff]"}
- {"dt": "2024-03-20T17:26:33.229108", "lvl": "target", "msg": "[    0.000000]   node   0: [mem 0x00000000bf6c0000-0x00000000bf6cffff]"}
- {"dt": "2024-03-20T17:26:33.229608", "lvl": "target", "msg": "[    0.000000]   node   0: [mem 0x00000000bf6d0000-0x00000000bfffffff]"}
- {"dt": "2024-03-20T17:26:33.230197", "lvl": "target", "msg": "[    0.000000] Initmem setup node 0 [mem 0x000000000e100000-0x00000000bfffffff]"}
- {"dt": "2024-03-20T17:26:33.230750", "lvl": "target", "msg": "[    0.000000] On node 0, zone DMA: 24832 pages in unavailable ranges"}
- {"dt": "2024-03-20T17:26:33.231020", "lvl": "target", "msg": "[    0.000000] On node 0, zone DMA: 4096 pages in unavailable ranges"}
- {"dt": "2024-03-20T17:26:33.231274", "lvl": "target", "msg": "[    0.000000] cma: Reserved 32 MiB at 0x00000000b9000000"}
- {"dt": "2024-03-20T17:26:33.231507", "lvl": "target", "msg": "[    0.000000] psci: probing for conduit method from DT."}
- {"dt": "2024-03-20T17:26:33.231725", "lvl": "target", "msg": "[    0.000000] psci: PSCIv1.1 detected in firmware."}
- {"dt": "2024-03-20T17:26:33.232291", "lvl": "target", "msg": "[    0.000000] psci: Using standard PSCI v0.2 function IDs"}
- {"dt": "2024-03-20T17:26:33.232556", "lvl": "target", "msg": "[    0.000000] psci: Trusted OS migration not required"}
- {"dt": "2024-03-20T17:26:33.232764", "lvl": "target", "msg": "[    0.000000] psci: SMC Calling Convention v1.2"}
- {"dt": "2024-03-20T17:26:33.232971", "lvl": "target", "msg": "[    0.000000] percpu: Embedded 31 pages/cpu s88360 r8192 d30424 u126976"}
- {"dt": "2024-03-20T17:26:33.233202", "lvl": "target", "msg": "[    0.000000] Detected PIPT I-cache on CPU0"}
- {"dt": "2024-03-20T17:26:33.233395", "lvl": "target", "msg": "[    0.000000] CPU features: detected: Spectre-v2"}
- {"dt": "2024-03-20T17:26:33.234124", "lvl": "target", "msg": "[    0.000000] CPU features: detected: Spectre-v3a"}
- {"dt": "2024-03-20T17:26:33.234703", "lvl": "target", "msg": "[    0.000000] CPU features: detected: Spectre-BHB"}
- {"dt": "2024-03-20T17:26:33.235273", "lvl": "target", "msg": "[    0.000000] CPU features: detected: ARM erratum 834220"}
- {"dt": "2024-03-20T17:26:33.235532", "lvl": "target", "msg": "[    0.000000] CPU features: detected: ARM erratum 1742098"}
- {"dt": "2024-03-20T17:26:33.235749", "lvl": "target", "msg": "[    0.000000] CPU features: detected: ARM erratum 832075"}
- {"dt": "2024-03-20T17:26:33.236027", "lvl": "target", "msg": "[    0.000000] CPU features: detected: ARM errata 1165522, 1319367, or 1530923"}
- {"dt": "2024-03-20T17:26:33.236573", "lvl": "target", "msg": "[    0.000000] alternatives: applying boot alternatives"}
- {"dt": "2024-03-20T17:26:33.236821", "lvl": "target", "msg": "[    0.000000] Kernel command line: BOOT_IMAGE=/Image rootwait rw panic=60 root=UUID=6091b3a4-ce08-3020-93a6-f755a22ef03b"}
- {"dt": "2024-03-20T17:26:33.237069", "lvl": "target", "msg": "[    0.000000] Unknown kernel command line parameters \"BOOT_IMAGE=/Image\", will be passed to user space."}
- {"dt": "2024-03-20T17:26:33.237673", "lvl": "target", "msg": "[    0.000000] Dentry cache hash table entries: 262144 (order: 9, 2097152 bytes, linear)"}
- {"dt": "2024-03-20T17:26:33.237953", "lvl": "target", "msg": "[    0.000000] Inode-cache hash table entries: 131072 (order: 8, 1048576 bytes, linear)"}
- {"dt": "2024-03-20T17:26:33.238547", "lvl": "target", "msg": "[    0.000000] Fallback order for Node 0: 0 "}
- {"dt": "2024-03-20T17:26:33.239413", "lvl": "target", "msg": "[    0.000000] Built 1 zonelists, mobility grouping on.  Total pages: 519876"}
- {"dt": "2024-03-20T17:26:33.239668", "lvl": "target", "msg": "[    0.000000] Policy zone: DMA"}
- {"dt": "2024-03-20T17:26:33.239940", "lvl": "target", "msg": "[    0.000000] mem auto-init: stack:all(zero), heap alloc:off, heap free:off"}
- {"dt": "2024-03-20T17:26:33.240159", "lvl": "target", "msg": "[    0.000000] software IO TLB: area num 4."}
- {"dt": "2024-03-20T17:26:33.240731", "lvl": "target", "msg": "[    0.000000] software IO TLB: mapped [mem 0x00000000b5000000-0x00000000b9000000] (64MB)"}
- {"dt": "2024-03-20T17:26:33.241317", "lvl": "target", "msg": "[    0.000000] Memory: 1862132K/2112512K available (23872K kernel code, 5728K rwdata, 12876K rodata, 13568K init, 1043K bss, 217612K reserved, 32768K cma-reserved)"}
- {"dt": "2024-03-20T17:26:33.241558", "lvl": "target", "msg": "[    0.000000] SLUB: HWalign=64, Order=0-3, MinObjects=0, CPUs=4, Nodes=1"}
- {"dt": "2024-03-20T17:26:33.242086", "lvl": "target", "msg": "[    0.000000] ftrace: allocating 77872 entries in 305 pages"}
- {"dt": "2024-03-20T17:26:33.242298", "lvl": "target", "msg": "[    0.000000] ftrace: allocated 305 pages with 4 groups"}
- {"dt": "2024-03-20T17:26:33.242509", "lvl": "target", "msg": "[    0.000000] trace event string verifier disabled"}
- {"dt": "2024-03-20T17:26:33.243139", "lvl": "target", "msg": "[    0.000000] rcu: Preemptible hierarchical RCU implementation."}
- {"dt": "2024-03-20T17:26:33.243726", "lvl": "target", "msg": "[    0.000000] rcu: \tRCU event tracing is enabled."}
- {"dt": "2024-03-20T17:26:33.244221", "lvl": "target", "msg": "[    0.000000] rcu: \tRCU restricting CPUs from NR_CPUS=256 to nr_cpu_ids=4."}
- {"dt": "2024-03-20T17:26:33.244425", "lvl": "target", "msg": "[    0.000000] \tTrampoline variant of Tasks RCU enabled."}
- {"dt": "2024-03-20T17:26:33.244647", "lvl": "target", "msg": "[    0.000000] \tRude variant of Tasks RCU enabled."}
- {"dt": "2024-03-20T17:26:33.244847", "lvl": "target", "msg": "[    0.000000] \tTracing variant of Tasks RCU enabled."}
- {"dt": "2024-03-20T17:26:33.245368", "lvl": "target", "msg": "[    0.000000] rcu: RCU calculated value of scheduler-enlistment delay is 25 jiffies."}
- {"dt": "2024-03-20T17:26:33.245591", "lvl": "target", "msg": "[    0.000000] rcu: Adjusting geometry for rcu_fanout_leaf=16, nr_cpu_ids=4"}
- {"dt": "2024-03-20T17:26:33.246104", "lvl": "target", "msg": "[    0.000000] NR_IRQS: 64, nr_irqs: 64, preallocated irqs: 0"}
- {"dt": "2024-03-20T17:26:33.246316", "lvl": "target", "msg": "[    0.000000] Root IRQ handler: gic_handle_irq"}
- {"dt": "2024-03-20T17:26:33.246515", "lvl": "target", "msg": "[    0.000000] GICv2m: range[mem 0x08020000-0x08020fff], SPI[80:143]"}
- {"dt": "2024-03-20T17:26:33.247056", "lvl": "target", "msg": "[    0.000000] rcu: srcu_init: Setting srcu_struct sizes based on contention."}
- {"dt": "2024-03-20T17:26:33.247723", "lvl": "target", "msg": "[    0.000000] arch_timer: cp15 timer(s) running at 62.50MHz (virt)."}
- {"dt": "2024-03-20T17:26:33.248624", "lvl": "target", "msg": "[    0.000000] clocksource: arch_sys_counter: mask: 0x1ffffffffffffff max_cycles: 0x1cd42e208c, max_idle_ns: 881590405314 ns"}
- {"dt": "2024-03-20T17:26:33.248958", "lvl": "target", "msg": "[    0.000160] sched_clock: 57 bits at 63MHz, resolution 16ns, wraps every 4398046511096ns"}
- {"dt": "2024-03-20T17:26:33.249580", "lvl": "target", "msg": "[    0.012843] kfence: initialized - using 2097152 bytes for 255 objects at 0x(____ptrval____)-0x(____ptrval____)"}
- {"dt": "2024-03-20T17:26:33.249842", "lvl": "target", "msg": "[    0.027844] Console: colour dummy device 80x25"}
- {"dt": "2024-03-20T17:26:33.250067", "lvl": "target", "msg": "[    0.028428] printk: console [tty0] enabled"}
- {"dt": "2024-03-20T17:26:33.250643", "lvl": "target", "msg": "[    0.039680] Calibrating delay loop (skipped), value calculated using timer frequency.. 125.00 BogoMIPS (lpj=250000)"}
- {"dt": "2024-03-20T17:26:33.250908", "lvl": "target", "msg": "[    0.040240] pid_max: default: 32768 minimum: 301"}
- {"dt": "2024-03-20T17:26:33.251468", "lvl": "target", "msg": "[    0.043263] LSM: initializing lsm=capability,selinux,integrity"}
- {"dt": "2024-03-20T17:26:33.251679", "lvl": "target", "msg": "[    0.044507] SELinux:  Initializing."}
- {"dt": "2024-03-20T17:26:33.252527", "lvl": "target", "msg": "[    0.050549] Mount-cache hash table entries: 4096 (order: 3, 32768 bytes, linear)"}
- {"dt": "2024-03-20T17:26:33.253034", "lvl": "target", "msg": "[    0.050745] Mountpoint-cache hash table entries: 4096 (order: 3, 32768 bytes, linear)"}
- {"dt": "2024-03-20T17:26:33.253564", "lvl": "target", "msg": "[    0.112790] cacheinfo: Unable to detect cache hierarchy for CPU 0"}
- {"dt": "2024-03-20T17:26:33.253811", "lvl": "target", "msg": "[    0.133692] RCU Tasks: Setting shift to 2 and lim to 1 rcu_task_cb_adjust=1."}
- {"dt": "2024-03-20T17:26:33.254061", "lvl": "target", "msg": "[    0.134619] RCU Tasks Rude: Setting shift to 2 and lim to 1 rcu_task_cb_adjust=1."}
- {"dt": "2024-03-20T17:26:33.254676", "lvl": "target", "msg": "[    0.135823] RCU Tasks Trace: Setting shift to 2 and lim to 1 rcu_task_cb_adjust=1."}
- {"dt": "2024-03-20T17:26:33.254910", "lvl": "target", "msg": "[    0.139539] rcu: Hierarchical SRCU implementation."}
- {"dt": "2024-03-20T17:26:33.255147", "lvl": "target", "msg": "[    0.139694] rcu: \tMax phase no-delay instances is 1000."}
- {"dt": "2024-03-20T17:26:33.255370", "lvl": "target", "msg": "[    0.158864] Remapping and enabling EFI services."}
- {"dt": "2024-03-20T17:26:33.255933", "lvl": "target", "msg": "[    0.163294] smp: Bringing up secondary CPUs ..."}
- {"dt": "2024-03-20T17:26:33.256155", "lvl": "target", "msg": "[    0.174172] Detected PIPT I-cache on CPU1"}
- {"dt": "2024-03-20T17:26:33.256712", "lvl": "target", "msg": "[    0.176387] CPU1: Booted secondary processor 0x0000000001 [0x411fd070]"}
- {"dt": "2024-03-20T17:26:33.256943", "lvl": "target", "msg": "[    0.188245] Detected PIPT I-cache on CPU2"}
- {"dt": "2024-03-20T17:26:33.257915", "lvl": "target", "msg": "[    0.188838] CPU2: Booted secondary processor 0x0000000002 [0x411fd070]"}
- {"dt": "2024-03-20T17:26:33.258136", "lvl": "target", "msg": "[    0.195442] Detected PIPT I-cache on CPU3"}
- {"dt": "2024-03-20T17:26:33.258392", "lvl": "target", "msg": "[    0.195956] CPU3: Booted secondary processor 0x0000000003 [0x411fd070]"}
- {"dt": "2024-03-20T17:26:33.258651", "lvl": "target", "msg": "[    0.197615] smp: Brought up 1 node, 4 CPUs"}
- {"dt": "2024-03-20T17:26:33.258875", "lvl": "target", "msg": "[    0.198057] SMP: Total of 4 processors activated."}
- {"dt": "2024-03-20T17:26:33.259072", "lvl": "target", "msg": "[    0.198288] CPU features: detected: 32-bit EL0 Support"}
- {"dt": "2024-03-20T17:26:33.259333", "lvl": "target", "msg": "[    0.198400] CPU features: detected: 32-bit EL1 Support"}
- {"dt": "2024-03-20T17:26:33.259590", "lvl": "target", "msg": "[    0.198593] CPU features: detected: CRC32 instructions"}
- {"dt": "2024-03-20T17:26:33.259855", "lvl": "target", "msg": "[    0.202857] CPU: All CPU(s) started at EL1"}
- {"dt": "2024-03-20T17:26:33.260430", "lvl": "target", "msg": "[    0.203393] alternatives: applying system-wide alternatives"}
- {"dt": "2024-03-20T17:26:33.260601", "lvl": "target", "msg": "[    0.245277] devtmpfs: initialized"}
- {"dt": "2024-03-20T17:26:33.261852", "lvl": "target", "msg": "[    0.296431] clocksource: jiffies: mask: 0xffffffff max_cycles: 0xffffffff, max_idle_ns: 7645041785100000 ns"}
- {"dt": "2024-03-20T17:26:33.262076", "lvl": "target", "msg": "[    0.297068] futex hash table entries: 1024 (order: 4, 65536 bytes, linear)"}
- {"dt": "2024-03-20T17:26:33.262652", "lvl": "target", "msg": "[    0.309357] pinctrl core: initialized pinctrl subsystem"}
- {"dt": "2024-03-20T17:26:33.262831", "lvl": "target", "msg": "[    0.332587] SMBIOS 3.0.0 present."}
- {"dt": "2024-03-20T17:26:33.263011", "lvl": "target", "msg": "[    0.333197] DMI: QEMU QEMU Virtual Machine, BIOS  "}
- {"dt": "2024-03-20T17:26:33.263525", "lvl": "target", "msg": "[    0.353869] NET: Registered PF_NETLINK/PF_ROUTE protocol family"}
- {"dt": "2024-03-20T17:26:33.263775", "lvl": "target", "msg": "[    0.380002] DMA: preallocated 256 KiB GFP_KERNEL pool for atomic allocations"}
- {"dt": "2024-03-20T17:26:33.264011", "lvl": "target", "msg": "[    0.381826] DMA: preallocated 256 KiB GFP_KERNEL|GFP_DMA pool for atomic allocations"}
- {"dt": "2024-03-20T17:26:33.264644", "lvl": "target", "msg": "[    0.382948] DMA: preallocated 256 KiB GFP_KERNEL|GFP_DMA32 pool for atomic allocations"}
- {"dt": "2024-03-20T17:26:33.264915", "lvl": "target", "msg": "[    0.383866] audit: initializing netlink subsys (disabled)"}
- {"dt": "2024-03-20T17:26:33.265859", "lvl": "target", "msg": "[    0.388594] audit: type=2000 audit(0.340:1): state=initialized audit_enabled=0 res=1"}
- {"dt": "2024-03-20T17:26:33.266116", "lvl": "target", "msg": "[    0.403599] thermal_sys: Registered thermal governor 'step_wise'"}
- {"dt": "2024-03-20T17:26:33.266682", "lvl": "target", "msg": "[    0.403736] thermal_sys: Registered thermal governor 'power_allocator'"}
- {"dt": "2024-03-20T17:26:33.266942", "lvl": "target", "msg": "[    0.404913] cpuidle: using governor menu"}
- {"dt": "2024-03-20T17:26:33.267188", "lvl": "target", "msg": "[    0.408585] hw-breakpoint: found 6 breakpoint and 4 watchpoint registers."}
- {"dt": "2024-03-20T17:26:33.267382", "lvl": "target", "msg": "[    0.410612] ASID allocator initialised with 65536 entries"}
- {"dt": "2024-03-20T17:26:33.267614", "lvl": "target", "msg": "[    0.434096] Serial: AMBA PL011 UART driver"}
- {"dt": "2024-03-20T17:26:33.267848", "lvl": "target", "msg": "[    0.439226] imx rpmsg driver is registered."}
- {"dt": "2024-03-20T17:26:33.268430", "lvl": "target", "msg": "[    0.591198] 9000000.pl011: ttyAMA0 at MMIO 0x9000000 (irq = 13, base_baud = 0) is a PL011 rev1"}
- {"dt": "2024-03-20T17:26:33.268628", "lvl": "target", "msg": "[    0.593759] printk: console [ttyAMA0] enabled"}
- {"dt": "2024-03-20T17:26:33.300236", "lvl": "target", "msg": "[    0.676468] Modules: 18432 pages in range for non-PLT usage"}
- {"dt": "2024-03-20T17:26:33.313244", "lvl": "target", "msg": "[    0.676578] Modules: 509952 pages in range for PLT usage"}
- {"dt": "2024-03-20T17:26:33.313610", "lvl": "target", "msg": "[    0.689471] HugeTLB: registered 1.00 GiB page size, pre-allocated 0 pages"}
- {"dt": "2024-03-20T17:26:33.313849", "lvl": "target", "msg": "[    0.690400] HugeTLB: 0 KiB vmemmap can be freed for a 1.00 GiB page"}
- {"dt": "2024-03-20T17:26:33.314771", "lvl": "target", "msg": "[    0.690940] HugeTLB: registered 32.0 MiB page size, pre-allocated 0 pages"}
- {"dt": "2024-03-20T17:26:33.315432", "lvl": "target", "msg": "[    0.691739] HugeTLB: 0 KiB vmemmap can be freed for a 32.0 MiB page"}
- {"dt": "2024-03-20T17:26:33.316261", "lvl": "target", "msg": "[    0.692531] HugeTLB: registered 2.00 MiB page size, pre-allocated 0 pages"}
- {"dt": "2024-03-20T17:26:33.316891", "lvl": "target", "msg": "[    0.693358] HugeTLB: 0 KiB vmemmap can be freed for a 2.00 MiB page"}
- {"dt": "2024-03-20T17:26:33.317450", "lvl": "target", "msg": "[    0.693867] HugeTLB: registered 64.0 KiB page size, pre-allocated 0 pages"}
- {"dt": "2024-03-20T17:26:33.317744", "lvl": "target", "msg": "[    0.694464] HugeTLB: 0 KiB vmemmap can be freed for a 64.0 KiB page"}
- {"dt": "2024-03-20T17:26:33.410587", "lvl": "target", "msg": "[    0.787221] raid6: neonx8   gen()  1068 MB/s"}
- {"dt": "2024-03-20T17:26:33.480185", "lvl": "target", "msg": "[    0.856814] raid6: neonx4   gen()  1041 MB/s"}
- {"dt": "2024-03-20T17:26:33.549967", "lvl": "target", "msg": "[    0.926337] raid6: neonx2   gen()   945 MB/s"}
- {"dt": "2024-03-20T17:26:33.619313", "lvl": "target", "msg": "[    0.995864] raid6: neonx1   gen()   706 MB/s"}
- {"dt": "2024-03-20T17:26:33.689383", "lvl": "target", "msg": "[    1.065955] raid6: int64x8  gen()   634 MB/s"}
- {"dt": "2024-03-20T17:26:33.759744", "lvl": "target", "msg": "[    1.136269] raid6: int64x4  gen()   908 MB/s"}
- {"dt": "2024-03-20T17:26:33.829569", "lvl": "target", "msg": "[    1.206156] raid6: int64x2  gen()   788 MB/s"}
- {"dt": "2024-03-20T17:26:33.899516", "lvl": "target", "msg": "[    1.276109] raid6: int64x1  gen()   573 MB/s"}
- {"dt": "2024-03-20T17:26:33.900027", "lvl": "target", "msg": "[    1.276551] raid6: using algorithm neonx8 gen() 1068 MB/s"}
- {"dt": "2024-03-20T17:26:33.969591", "lvl": "target", "msg": "[    1.346119] raid6: .... xor() 408 MB/s, rmw enabled"}
- {"dt": "2024-03-20T17:26:33.969830", "lvl": "target", "msg": "[    1.346608] raid6: using neon recovery algorithm"}
- {"dt": "2024-03-20T17:26:33.976811", "lvl": "target", "msg": "[    1.353389] ACPI: Interpreter disabled."}
- {"dt": "2024-03-20T17:26:34.003481", "lvl": "target", "msg": "[    1.379979] iommu: Default domain type: Translated"}
- {"dt": "2024-03-20T17:26:34.003759", "lvl": "target", "msg": "[    1.380442] iommu: DMA domain TLB invalidation policy: strict mode"}
- {"dt": "2024-03-20T17:26:34.007539", "lvl": "target", "msg": "[    1.384151] SCSI subsystem initialized"}
- {"dt": "2024-03-20T17:26:34.014159", "lvl": "target", "msg": "[    1.390713] usbcore: registered new interface driver usbfs"}
- {"dt": "2024-03-20T17:26:34.015420", "lvl": "target", "msg": "[    1.392015] usbcore: registered new interface driver hub"}
- {"dt": "2024-03-20T17:26:34.016277", "lvl": "target", "msg": "[    1.392892] usbcore: registered new device driver usb"}
- {"dt": "2024-03-20T17:26:34.024225", "lvl": "target", "msg": "[    1.400834] pps_core: LinuxPPS API ver. 1 registered"}
- {"dt": "2024-03-20T17:26:34.024818", "lvl": "target", "msg": "[    1.401268] pps_core: Software ver. 5.3.6 - Copyright 2005-2007 Rodolfo Giometti <giometti@linux.it>"}
- {"dt": "2024-03-20T17:26:34.025636", "lvl": "target", "msg": "[    1.402094] PTP clock support registered"}
- {"dt": "2024-03-20T17:26:34.027620", "lvl": "target", "msg": "[    1.404243] EDAC MC: Ver: 3.0.0"}
- {"dt": "2024-03-20T17:26:34.036549", "lvl": "target", "msg": "[    1.413116] ARM FF-A: FFA_VERSION returned not supported"}
- {"dt": "2024-03-20T17:26:34.038578", "lvl": "target", "msg": "[    1.414845] scmi_core: SCMI protocol bus registered"}
- {"dt": "2024-03-20T17:26:34.041665", "lvl": "target", "msg": "[    1.418272] efivars: Registered efivars operations"}
- {"dt": "2024-03-20T17:26:34.052848", "lvl": "target", "msg": "[    1.429405] FPGA manager framework"}
- {"dt": "2024-03-20T17:26:34.055159", "lvl": "target", "msg": "[    1.431724] Advanced Linux Sound Architecture Driver Initialized."}
- {"dt": "2024-03-20T17:26:34.077069", "lvl": "target", "msg": "[    1.453478] Bluetooth: Core ver 2.22"}
- {"dt": "2024-03-20T17:26:34.078101", "lvl": "target", "msg": "[    1.454698] NET: Registered PF_BLUETOOTH protocol family"}
- {"dt": "2024-03-20T17:26:34.078666", "lvl": "target", "msg": "[    1.455136] Bluetooth: HCI device and connection manager initialized"}
- {"dt": "2024-03-20T17:26:34.079463", "lvl": "target", "msg": "[    1.455960] Bluetooth: HCI socket layer initialized"}
- {"dt": "2024-03-20T17:26:34.079987", "lvl": "target", "msg": "[    1.456555] Bluetooth: L2CAP socket layer initialized"}
- {"dt": "2024-03-20T17:26:34.080973", "lvl": "target", "msg": "[    1.457584] Bluetooth: SCO socket layer initialized"}
- {"dt": "2024-03-20T17:26:34.086338", "lvl": "target", "msg": "[    1.462948] vgaarb: loaded"}
- {"dt": "2024-03-20T17:26:34.094916", "lvl": "target", "msg": "[    1.471184] clocksource: Switched to clocksource arch_sys_counter"}
- {"dt": "2024-03-20T17:26:34.107933", "lvl": "target", "msg": "[    1.484510] pnp: PnP ACPI: disabled"}
- {"dt": "2024-03-20T17:26:34.185713", "lvl": "target", "msg": "[    1.562187] NET: Registered PF_INET protocol family"}
- {"dt": "2024-03-20T17:26:34.188775", "lvl": "target", "msg": "[    1.565315] IP idents hash table entries: 32768 (order: 6, 262144 bytes, linear)"}
- {"dt": "2024-03-20T17:26:34.205779", "lvl": "target", "msg": "[    1.582014] tcp_listen_portaddr_hash hash table entries: 1024 (order: 2, 16384 bytes, linear)"}
- {"dt": "2024-03-20T17:26:34.206633", "lvl": "target", "msg": "[    1.583153] Table-perturb hash table entries: 65536 (order: 6, 262144 bytes, linear)"}
- {"dt": "2024-03-20T17:26:34.207500", "lvl": "target", "msg": "[    1.583855] TCP established hash table entries: 16384 (order: 5, 131072 bytes, linear)"}
- {"dt": "2024-03-20T17:26:34.208613", "lvl": "target", "msg": "[    1.585250] TCP bind hash table entries: 16384 (order: 7, 524288 bytes, linear)"}
- {"dt": "2024-03-20T17:26:34.210523", "lvl": "target", "msg": "[    1.587142] TCP: Hash tables configured (established 16384 bind 16384)"}
- {"dt": "2024-03-20T17:26:34.213467", "lvl": "target", "msg": "[    1.590059] UDP hash table entries: 1024 (order: 3, 32768 bytes, linear)"}
- {"dt": "2024-03-20T17:26:34.214711", "lvl": "target", "msg": "[    1.591268] UDP-Lite hash table entries: 1024 (order: 3, 32768 bytes, linear)"}
- {"dt": "2024-03-20T17:26:34.218855", "lvl": "target", "msg": "[    1.595440] NET: Registered PF_UNIX/PF_LOCAL protocol family"}
- {"dt": "2024-03-20T17:26:34.226562", "lvl": "target", "msg": "[    1.603139] RPC: Registered named UNIX socket transport module."}
- {"dt": "2024-03-20T17:26:34.227146", "lvl": "target", "msg": "[    1.603679] RPC: Registered udp transport module."}
- {"dt": "2024-03-20T17:26:34.227349", "lvl": "target", "msg": "[    1.604061] RPC: Registered tcp transport module."}
- {"dt": "2024-03-20T17:26:34.227840", "lvl": "target", "msg": "[    1.604451] RPC: Registered tcp-with-tls transport module."}
- {"dt": "2024-03-20T17:26:34.228490", "lvl": "target", "msg": "[    1.604843] RPC: Registered tcp NFSv4.1 backchannel transport module."}
- {"dt": "2024-03-20T17:26:34.228983", "lvl": "target", "msg": "[    1.605584] PCI: CLS 0 bytes, default 64"}
- {"dt": "2024-03-20T17:26:34.233082", "lvl": "target", "msg": "[    1.609654] kvm [1]: HYP mode not available"}
- {"dt": "2024-03-20T17:26:34.240564", "lvl": "target", "msg": "[    1.617102] Trying to unpack rootfs image as initramfs..."}
- {"dt": "2024-03-20T17:26:36.044460", "lvl": "target", "msg": "[    3.420794] Initialise system trusted keyrings"}
- {"dt": "2024-03-20T17:26:36.048844", "lvl": "target", "msg": "[    3.425361] workingset: timestamp_bits=42 max_order=19 bucket_order=0"}
- {"dt": "2024-03-20T17:26:36.058805", "lvl": "target", "msg": "[    3.435385] squashfs: version 4.0 (2009/01/31) Phillip Lougher"}
- {"dt": "2024-03-20T17:26:36.063495", "lvl": "target", "msg": "[    3.440062] NFS: Registering the id_resolver key type"}
- {"dt": "2024-03-20T17:26:36.064594", "lvl": "target", "msg": "[    3.441203] Key type id_resolver registered"}
- {"dt": "2024-03-20T17:26:36.064853", "lvl": "target", "msg": "[    3.441598] Key type id_legacy registered"}
- {"dt": "2024-03-20T17:26:36.066504", "lvl": "target", "msg": "[    3.442568] nfs4filelayout_init: NFSv4 File Layout Driver Registering..."}
- {"dt": "2024-03-20T17:26:36.067300", "lvl": "target", "msg": "[    3.443769] nfs4flexfilelayout_init: NFSv4 Flexfile Layout Driver Registering..."}
- {"dt": "2024-03-20T17:26:36.074907", "lvl": "target", "msg": "[    3.451511] Key type cifs.idmap registered"}
- {"dt": "2024-03-20T17:26:36.076885", "lvl": "target", "msg": "[    3.453485] 9p: Installing v9fs 9p2000 file system support"}
- {"dt": "2024-03-20T17:26:36.264544", "lvl": "target", "msg": "[    3.640858] xor: measuring software checksum speed"}
- {"dt": "2024-03-20T17:26:36.274987", "lvl": "target", "msg": "[    3.651561]    8regs           :  1014 MB/sec"}
- {"dt": "2024-03-20T17:26:36.286770", "lvl": "target", "msg": "[    3.663340]    32regs          :   885 MB/sec"}
- {"dt": "2024-03-20T17:26:36.302327", "lvl": "target", "msg": "[    3.678781]    arm64_neon      :   679 MB/sec"}
- {"dt": "2024-03-20T17:26:36.302604", "lvl": "target", "msg": "[    3.679302] xor: using function: 8regs (1014 MB/sec)"}
- {"dt": "2024-03-20T17:26:36.303106", "lvl": "target", "msg": "[    3.679765] Key type asymmetric registered"}
- {"dt": "2024-03-20T17:26:36.303640", "lvl": "target", "msg": "[    3.680277] Asymmetric key parser 'x509' registered"}
- {"dt": "2024-03-20T17:26:36.304841", "lvl": "target", "msg": "[    3.681395] Block layer SCSI generic (bsg) driver version 0.4 loaded (major 245)"}
- {"dt": "2024-03-20T17:26:36.307642", "lvl": "target", "msg": "[    3.684199] io scheduler mq-deadline registered"}
- {"dt": "2024-03-20T17:26:36.307901", "lvl": "target", "msg": "[    3.684666] io scheduler kyber registered"}
- {"dt": "2024-03-20T17:26:36.308847", "lvl": "target", "msg": "[    3.685458] io scheduler bfq registered"}
- {"dt": "2024-03-20T17:26:36.425859", "lvl": "target", "msg": "[    3.802064] pci-host-generic 4010000000.pcie: host bridge /pcie@10000000 ranges:"}
- {"dt": "2024-03-20T17:26:36.428114", "lvl": "target", "msg": "[    3.804576] pci-host-generic 4010000000.pcie:       IO 0x003eff0000..0x003effffff -> 0x0000000000"}
- {"dt": "2024-03-20T17:26:36.429936", "lvl": "target", "msg": "[    3.806141] pci-host-generic 4010000000.pcie:      MEM 0x0010000000..0x003efeffff -> 0x0010000000"}
- {"dt": "2024-03-20T17:26:36.430820", "lvl": "target", "msg": "[    3.807101] pci-host-generic 4010000000.pcie:      MEM 0x8000000000..0xffffffffff -> 0x8000000000"}
- {"dt": "2024-03-20T17:26:36.432231", "lvl": "target", "msg": "[    3.808760] pci-host-generic 4010000000.pcie: Memory resource size exceeds max for 32 bits"}
- {"dt": "2024-03-20T17:26:36.434542", "lvl": "target", "msg": "[    3.810355] pci-host-generic 4010000000.pcie: ECAM at [mem 0x4010000000-0x401fffffff] for [bus 00-ff]"}
- {"dt": "2024-03-20T17:26:36.438347", "lvl": "target", "msg": "[    3.814934] pci-host-generic 4010000000.pcie: PCI host bridge to bus 0000:00"}
- {"dt": "2024-03-20T17:26:36.439275", "lvl": "target", "msg": "[    3.815906] pci_bus 0000:00: root bus resource [bus 00-ff]"}
- {"dt": "2024-03-20T17:26:36.439815", "lvl": "target", "msg": "[    3.816405] pci_bus 0000:00: root bus resource [io  0x0000-0xffff]"}
- {"dt": "2024-03-20T17:26:36.440394", "lvl": "target", "msg": "[    3.816879] pci_bus 0000:00: root bus resource [mem 0x10000000-0x3efeffff]"}
- {"dt": "2024-03-20T17:26:36.440977", "lvl": "target", "msg": "[    3.817454] pci_bus 0000:00: root bus resource [mem 0x8000000000-0xffffffffff]"}
- {"dt": "2024-03-20T17:26:36.444604", "lvl": "target", "msg": "[    3.821204] pci 0000:00:00.0: [1b36:0008] type 00 class 0x060000"}
- {"dt": "2024-03-20T17:26:36.454243", "lvl": "target", "msg": "[    3.830538] pci 0000:00:01.0: [1af4:1000] type 00 class 0x020000"}
- {"dt": "2024-03-20T17:26:36.458107", "lvl": "target", "msg": "[    3.834306] pci 0000:00:01.0: reg 0x10: [io  0x1000-0x101f]"}
- {"dt": "2024-03-20T17:26:36.461143", "lvl": "target", "msg": "[    3.837701] pci 0000:00:01.0: reg 0x14: [mem 0x10000000-0x10000fff]"}
- {"dt": "2024-03-20T17:26:36.469457", "lvl": "target", "msg": "[    3.845833] pci 0000:00:01.0: reg 0x20: [mem 0x10004000-0x10007fff 64bit pref]"}
- {"dt": "2024-03-20T17:26:36.472164", "lvl": "target", "msg": "[    3.848625] pci 0000:00:01.0: reg 0x30: [mem 0x10040000-0x1007ffff pref]"}
- {"dt": "2024-03-20T17:26:36.475024", "lvl": "target", "msg": "[    3.851613] pci 0000:00:02.0: [8086:25ab] type 00 class 0x088000"}
- {"dt": "2024-03-20T17:26:36.476288", "lvl": "target", "msg": "[    3.852843] pci 0000:00:02.0: reg 0x10: [mem 0x10080000-0x1008000f]"}
- {"dt": "2024-03-20T17:26:36.483191", "lvl": "target", "msg": "[    3.859755] pci 0000:00:03.0: [1af4:1001] type 00 class 0x010000"}
- {"dt": "2024-03-20T17:26:36.485588", "lvl": "target", "msg": "[    3.862125] pci 0000:00:03.0: reg 0x10: [io  0x1080-0x10ff]"}
- {"dt": "2024-03-20T17:26:36.489026", "lvl": "target", "msg": "[    3.864806] pci 0000:00:03.0: reg 0x14: [mem 0x10081000-0x10081fff]"}
- {"dt": "2024-03-20T17:26:36.494804", "lvl": "target", "msg": "[    3.871092] pci 0000:00:03.0: reg 0x20: [mem 0x10084000-0x10087fff 64bit pref]"}
- {"dt": "2024-03-20T17:26:36.505118", "lvl": "target", "msg": "[    3.881645] pci 0000:00:01.0: BAR 6: assigned [mem 0x10000000-0x1003ffff pref]"}
- {"dt": "2024-03-20T17:26:36.506463", "lvl": "target", "msg": "[    3.882775] pci 0000:00:01.0: BAR 4: assigned [mem 0x8000000000-0x8000003fff 64bit pref]"}
- {"dt": "2024-03-20T17:26:36.508215", "lvl": "target", "msg": "[    3.884743] pci 0000:00:03.0: BAR 4: assigned [mem 0x8000004000-0x8000007fff 64bit pref]"}
- {"dt": "2024-03-20T17:26:36.510688", "lvl": "target", "msg": "[    3.886609] pci 0000:00:01.0: BAR 1: assigned [mem 0x10040000-0x10040fff]"}
- {"dt": "2024-03-20T17:26:36.511789", "lvl": "target", "msg": "[    3.888348] pci 0000:00:03.0: BAR 1: assigned [mem 0x10041000-0x10041fff]"}
- {"dt": "2024-03-20T17:26:36.513001", "lvl": "target", "msg": "[    3.889563] pci 0000:00:03.0: BAR 0: assigned [io  0x1000-0x107f]"}
- {"dt": "2024-03-20T17:26:36.514897", "lvl": "target", "msg": "[    3.891454] pci 0000:00:01.0: BAR 0: assigned [io  0x1080-0x109f]"}
- {"dt": "2024-03-20T17:26:36.516187", "lvl": "target", "msg": "[    3.892735] pci 0000:00:02.0: BAR 0: assigned [mem 0x10042000-0x1004200f]"}
- {"dt": "2024-03-20T17:26:36.545330", "lvl": "target", "msg": "[    3.921767] EINJ: ACPI disabled."}
- {"dt": "2024-03-20T17:26:36.800363", "lvl": "target", "msg": "[    4.176683] Serial: 8250/16550 driver, 4 ports, IRQ sharing enabled"}
- {"dt": "2024-03-20T17:26:36.830138", "lvl": "target", "msg": "[    4.206517] SuperH (H)SCI(F) driver initialized"}
- {"dt": "2024-03-20T17:26:36.835052", "lvl": "target", "msg": "[    4.211636] msm_serial: driver initialized"}
- {"dt": "2024-03-20T17:26:36.840350", "lvl": "target", "msg": "[    4.216939] STM32 USART driver initialized"}
- {"dt": "2024-03-20T17:26:36.966320", "lvl": "target", "msg": "[    4.343032] brd: module loaded"}
- {"dt": "2024-03-20T17:26:37.031631", "lvl": "target", "msg": "[    4.408325] loop: module loaded"}
- {"dt": "2024-03-20T17:26:37.034329", "lvl": "target", "msg": "[    4.410875] virtio_blk virtio0: 1/0/0 default/read/poll queues"}
- {"dt": "2024-03-20T17:26:37.044513", "lvl": "target", "msg": "[    4.421038] virtio_blk virtio0: [vda] 27163974 512-byte logical blocks (13.9 GB/13.0 GiB)"}
- {"dt": "2024-03-20T17:26:37.083600", "lvl": "target", "msg": "[    4.460125] GPT:Primary header thinks Alt. header is not at the end of the disk."}
- {"dt": "2024-03-20T17:26:37.083902", "lvl": "target", "msg": "[    4.460713] GPT:6192453 != 27163973"}
- {"dt": "2024-03-20T17:26:37.084513", "lvl": "target", "msg": "[    4.461033] GPT:Alternate GPT header not at the end of the disk."}
- {"dt": "2024-03-20T17:26:37.084753", "lvl": "target", "msg": "[    4.461509] GPT:6192453 != 27163973"}
- {"dt": "2024-03-20T17:26:37.085296", "lvl": "target", "msg": "[    4.461843] GPT: Use GNU Parted to correct GPT errors."}
- {"dt": "2024-03-20T17:26:37.086828", "lvl": "target", "msg": "[    4.463453]  vda: vda1 vda2"}
- {"dt": "2024-03-20T17:26:37.093263", "lvl": "target", "msg": "[    4.469849] virtio_blk virtio2: 4/0/0 default/read/poll queues"}
- {"dt": "2024-03-20T17:26:37.110743", "lvl": "target", "msg": "[    4.486982] virtio_blk virtio2: [vdb] 1048576 512-byte logical blocks (537 MB/512 MiB)"}
- {"dt": "2024-03-20T17:26:37.127542", "lvl": "target", "msg": "[    4.504095] zram: Added device: zram0"}
- {"dt": "2024-03-20T17:26:37.137679", "lvl": "target", "msg": "[    4.514245] megasas: 07.725.01.00-rc1"}
- {"dt": "2024-03-20T17:26:37.163134", "lvl": "target", "msg": "[    4.539325] physmap-flash 4000000.flash: physmap platform flash device: [mem 0x04000000-0x07ffffff]"}
- {"dt": "2024-03-20T17:26:37.167802", "lvl": "target", "msg": "[    4.544011] 4000000.flash: Found 2 x16 devices at 0x0 in 32-bit bank. Manufacturer ID 0x000000 Chip ID 0x000000"}
- {"dt": "2024-03-20T17:26:37.169053", "lvl": "target", "msg": "[    4.545609] Intel/Sharp Extended Query Table at 0x0031"}
- {"dt": "2024-03-20T17:26:37.172081", "lvl": "target", "msg": "[    4.548609] Using buffer write method"}
- {"dt": "2024-03-20T17:26:40.027170", "lvl": "target", "msg": "[    7.403771] Freeing initrd memory: 31712K"}
- {"dt": "2024-03-20T17:26:40.446744", "lvl": "target", "msg": "[    7.823052] vcan: Virtual CAN interface driver"}
- {"dt": "2024-03-20T17:26:40.447049", "lvl": "target", "msg": "[    7.823616] vxcan: Virtual CAN Tunnel driver"}
- {"dt": "2024-03-20T17:26:40.447288", "lvl": "target", "msg": "[    7.824080] CAN device driver interface"}
- {"dt": "2024-03-20T17:26:40.456593", "lvl": "target", "msg": "[    7.833191] thunder_xcv, ver 1.0"}
- {"dt": "2024-03-20T17:26:40.457101", "lvl": "target", "msg": "[    7.833872] thunder_bgx, ver 1.0"}
- {"dt": "2024-03-20T17:26:40.457619", "lvl": "target", "msg": "[    7.834442] nicpf, ver 1.0"}
- {"dt": "2024-03-20T17:26:40.469525", "lvl": "target", "msg": "[    7.846083] hns3: Hisilicon Ethernet Network Driver for Hip08 Family - version"}
- {"dt": "2024-03-20T17:26:40.470038", "lvl": "target", "msg": "[    7.846790] hns3: Copyright (c) 2017 Huawei Corporation."}
- {"dt": "2024-03-20T17:26:40.471256", "lvl": "target", "msg": "[    7.847844] hclge is initializing"}
- {"dt": "2024-03-20T17:26:40.471739", "lvl": "target", "msg": "[    7.848361] e1000: Intel(R) PRO/1000 Network Driver"}
- {"dt": "2024-03-20T17:26:40.472267", "lvl": "target", "msg": "[    7.848798] e1000: Copyright (c) 1999-2006 Intel Corporation."}
- {"dt": "2024-03-20T17:26:40.473133", "lvl": "target", "msg": "[    7.849603] e1000e: Intel(R) PRO/1000 Network Driver"}
- {"dt": "2024-03-20T17:26:40.473388", "lvl": "target", "msg": "[    7.850041] e1000e: Copyright(c) 1999 - 2015 Intel Corporation."}
- {"dt": "2024-03-20T17:26:40.474358", "lvl": "target", "msg": "[    7.850955] igb: Intel(R) Gigabit Ethernet Network Driver"}
- {"dt": "2024-03-20T17:26:40.474963", "lvl": "target", "msg": "[    7.851405] igb: Copyright (c) 2007-2014 Intel Corporation."}
- {"dt": "2024-03-20T17:26:40.475814", "lvl": "target", "msg": "[    7.852177] igbvf: Intel(R) Gigabit Virtual Function Network Driver"}
- {"dt": "2024-03-20T17:26:40.476092", "lvl": "target", "msg": "[    7.852702] igbvf: Copyright (c) 2009 - 2012 Intel Corporation."}
- {"dt": "2024-03-20T17:26:40.476979", "lvl": "target", "msg": "[    7.853569] i40e: Intel(R) Ethernet Connection XL710 Network Driver"}
- {"dt": "2024-03-20T17:26:40.477592", "lvl": "target", "msg": "[    7.854092] i40e: Copyright (c) 2013 - 2019 Intel Corporation."}
- {"dt": "2024-03-20T17:26:40.483088", "lvl": "target", "msg": "[    7.859705] sky2: driver version 1.30"}
- {"dt": "2024-03-20T17:26:40.497136", "lvl": "target", "msg": "[    7.873741] VFIO - User Level meta-driver version: 0.3"}
- {"dt": "2024-03-20T17:26:40.524042", "lvl": "target", "msg": "[    7.900631] usbcore: registered new interface driver usb-storage"}
- {"dt": "2024-03-20T17:26:40.525925", "lvl": "target", "msg": "[    7.902233] usbcore: registered new interface driver usbserial_generic"}
- {"dt": "2024-03-20T17:26:40.527061", "lvl": "target", "msg": "[    7.903653] usbserial: USB Serial support registered for generic"}
- {"dt": "2024-03-20T17:26:40.558772", "lvl": "target", "msg": "[    7.935260] rtc-pl031 9010000.pl031: registered as rtc0"}
- {"dt": "2024-03-20T17:26:40.561204", "lvl": "target", "msg": "[    7.936892] rtc-pl031 9010000.pl031: setting system clock to 2024-03-20T17:26:40 UTC (1710955600)"}
- {"dt": "2024-03-20T17:26:40.631638", "lvl": "target", "msg": "[    8.008114] sdhci: Secure Digital Host Controller Interface driver"}
- {"dt": "2024-03-20T17:26:40.631957", "lvl": "target", "msg": "[    8.008623] sdhci: Copyright(c) Pierre Ossman"}
- {"dt": "2024-03-20T17:26:40.638248", "lvl": "target", "msg": "[    8.014846] Synopsys Designware Multimedia Card Interface Driver"}
- {"dt": "2024-03-20T17:26:40.646498", "lvl": "target", "msg": "[    8.023129] sdhci-pltfm: SDHCI platform and OF driver helper"}
- {"dt": "2024-03-20T17:26:40.664596", "lvl": "target", "msg": "[    8.041124] ledtrig-cpu: registered to indicate activity on CPUs"}
- {"dt": "2024-03-20T17:26:40.675134", "lvl": "target", "msg": "[    8.051748] SMCCC: SOC_ID: ARCH_SOC_ID not implemented, skipping ...."}
- {"dt": "2024-03-20T17:26:40.688111", "lvl": "target", "msg": "[    8.064679] usbcore: registered new interface driver usbhid"}
- {"dt": "2024-03-20T17:26:40.688645", "lvl": "target", "msg": "[    8.065173] usbhid: USB HID core driver"}
- {"dt": "2024-03-20T17:26:40.721132", "lvl": "target", "msg": "[    8.097656] hw perfevents: enabled with armv8_pmuv3 PMU driver, 7 counters available"}
- {"dt": "2024-03-20T17:26:40.740826", "lvl": "target", "msg": "[    8.117366] optee: probing for conduit method."}
- {"dt": "2024-03-20T17:26:40.749799", "lvl": "target", "msg": "[    8.119732] optee: revision 4.0 (2a5b1d12)"}
- {"dt": "2024-03-20T17:26:40.750311", "lvl": "target", "msg": "[    8.126346] optee: dynamic shared memory is enabled"}
- {"dt": "2024-03-20T17:26:40.772580", "lvl": "target", "msg": "[    8.149147] optee: initialized driver"}
- {"dt": "2024-03-20T17:26:40.774688", "lvl": "target", "msg": "[    8.150955] Driver 'optee' was unable to register with bus_type 'arm_ffa' because the bus was not initialized."}
- {"dt": "2024-03-20T17:26:40.799384", "lvl": "target", "msg": "[    8.175936] u32 classifier"}
- {"dt": "2024-03-20T17:26:40.799630", "lvl": "target", "msg": "[    8.176254]     input device check on"}
- {"dt": "2024-03-20T17:26:40.799872", "lvl": "target", "msg": "[    8.176587]     Actions configured"}
- {"dt": "2024-03-20T17:26:40.802941", "lvl": "target", "msg": "[    8.179529] NET: Registered PF_INET6 protocol family"}
- {"dt": "2024-03-20T17:26:40.827042", "lvl": "target", "msg": "[    8.203780] Segment Routing with IPv6"}
- {"dt": "2024-03-20T17:26:40.827898", "lvl": "target", "msg": "[    8.204491] In-situ OAM (IOAM) with IPv6"}
- {"dt": "2024-03-20T17:26:40.829864", "lvl": "target", "msg": "[    8.206451] sit: IPv6, IPv4 and MPLS over IPv4 tunneling driver"}
- {"dt": "2024-03-20T17:26:40.837209", "lvl": "target", "msg": "[    8.213804] NET: Registered PF_PACKET protocol family"}
- {"dt": "2024-03-20T17:26:40.839207", "lvl": "target", "msg": "[    8.215809] Bridge firewalling registered"}
- {"dt": "2024-03-20T17:26:40.839496", "lvl": "target", "msg": "[    8.216218] can: controller area network core"}
- {"dt": "2024-03-20T17:26:40.840821", "lvl": "target", "msg": "[    8.217447] NET: Registered PF_CAN protocol family"}
- {"dt": "2024-03-20T17:26:40.841311", "lvl": "target", "msg": "[    8.217936] can: raw protocol"}
- {"dt": "2024-03-20T17:26:40.842206", "lvl": "target", "msg": "[    8.218789] can: broadcast manager protocol"}
- {"dt": "2024-03-20T17:26:40.843011", "lvl": "target", "msg": "[    8.219527] can: netlink gateway - max_hops=1"}
- {"dt": "2024-03-20T17:26:40.843813", "lvl": "target", "msg": "[    8.220354] can: isotp protocol (max_pdu_size 8300)"}
- {"dt": "2024-03-20T17:26:40.847280", "lvl": "target", "msg": "[    8.223889] 9pnet: Installing 9P2000 support"}
- {"dt": "2024-03-20T17:26:40.848390", "lvl": "target", "msg": "[    8.225011] Key type dns_resolver registered"}
- {"dt": "2024-03-20T17:26:40.850259", "lvl": "target", "msg": "[    8.226862] NET: Registered PF_VSOCK protocol family"}
- {"dt": "2024-03-20T17:26:40.970389", "lvl": "target", "msg": "[    8.346866] registered taskstats version 1"}
- {"dt": "2024-03-20T17:26:40.973213", "lvl": "target", "msg": "[    8.349795] Loading compiled-in X.509 certificates"}
- {"dt": "2024-03-20T17:26:41.069053", "lvl": "target", "msg": "[    8.445526] Key type .fscrypt registered"}
- {"dt": "2024-03-20T17:26:41.069321", "lvl": "target", "msg": "[    8.445919] Key type fscrypt-provisioning registered"}
- {"dt": "2024-03-20T17:26:41.085587", "lvl": "target", "msg": "[    8.462172] Btrfs loaded, zoned=no, fsverity=no"}
- {"dt": "2024-03-20T17:26:41.091148", "lvl": "target", "msg": "[    8.467671] Key type encrypted registered"}
- {"dt": "2024-03-20T17:26:41.099176", "lvl": "target", "msg": "[    8.475744] printk: console [netcon0] enabled"}
- {"dt": "2024-03-20T17:26:41.099742", "lvl": "target", "msg": "[    8.476200] netconsole: network logging started"}
- {"dt": "2024-03-20T17:26:41.105176", "lvl": "target", "msg": "[    8.481771] clk: Disabling unused clocks"}
- {"dt": "2024-03-20T17:26:41.106607", "lvl": "target", "msg": "[    8.483220] ALSA device list:"}
- {"dt": "2024-03-20T17:26:41.106880", "lvl": "target", "msg": "[    8.483659]   No soundcards found."}
- {"dt": "2024-03-20T17:26:41.114546", "lvl": "target", "msg": "[    8.490802] uart-pl011 9000000.pl011: no DMA platform data"}
- {"dt": "2024-03-20T17:26:41.454349", "lvl": "target", "msg": "[    8.830466] Freeing unused kernel memory: 13568K"}
- {"dt": "2024-03-20T17:26:41.457281", "lvl": "target", "msg": "[    8.833815] Run /init as init process"}
- {"dt": "2024-03-20T17:26:41.580045", "lvl": "target", "msg": "+ PATH=/sbin:/bin:/usr/sbin:/usr/bin"}
- {"dt": "2024-03-20T17:26:41.587459", "lvl": "target", "msg": "+ ROOTFS_MOUNT=/rootfs"}
- {"dt": "2024-03-20T17:26:41.588255", "lvl": "target", "msg": "+ PCR_AUTH=sha256:7"}
- {"dt": "2024-03-20T17:26:41.589844", "lvl": "target", "msg": "+ TPM_NVINDEX_ROOTFS=0x8100000a"}
- {"dt": "2024-03-20T17:26:41.604469", "lvl": "target", "msg": "+ trap atexit EXIT"}
- {"dt": "2024-03-20T17:26:41.677399", "lvl": "target", "msg": "+ setup_env"}
- {"dt": "2024-03-20T17:26:41.682466", "lvl": "target", "msg": "+ mount -t proc none /proc"}
- {"dt": "2024-03-20T17:26:41.839111", "lvl": "target", "msg": "+ mount -t sysfs none /sys"}
- {"dt": "2024-03-20T17:26:41.948210", "lvl": "target", "msg": "+ mount -t devtmpfs none /dev"}
- {"dt": "2024-03-20T17:26:42.046093", "lvl": "target", "msg": "+ mount -t tmpfs none /run"}
- {"dt": "2024-03-20T17:26:42.133758", "lvl": "target", "msg": "+ mount -t tmpfs none /tmp"}
- {"dt": "2024-03-20T17:26:42.230965", "lvl": "target", "msg": "+ mkdir -p /rootfs"}
- {"dt": "2024-03-20T17:26:42.289098", "lvl": "target", "msg": "+ modprobe dm_crypt"}
- {"dt": "2024-03-20T17:26:42.403984", "lvl": "target", "msg": "[    9.780083] device-mapper: ioctl: 4.48.0-ioctl (2023-03-01) initialised: dm-devel@redhat.com"}
- {"dt": "2024-03-20T17:26:42.439197", "lvl": "target", "msg": "+ modprobe tpm_tis_core"}
- {"dt": "2024-03-20T17:26:42.564739", "lvl": "target", "msg": "+ modprobe tpm_tis"}
- {"dt": "2024-03-20T17:26:42.671825", "lvl": "target", "msg": "[   10.048084] tpm_tis c000000.tpm_tis: 2.0 TPM (device-id 0x1, rev-id 1)"}
- {"dt": "2024-03-20T17:26:42.704087", "lvl": "target", "msg": "+ '[' -d /sys/class/dmi ']'"}
- {"dt": "2024-03-20T17:26:42.709529", "lvl": "target", "msg": "+ echo 'Board vendor'"}
- {"dt": "2024-03-20T17:26:42.711685", "lvl": "target", "msg": "Board vendor"}
- {"dt": "2024-03-20T17:26:42.713114", "lvl": "target", "msg": "+ cat /sys/class/dmi/id/board_vendor"}
- {"dt": "2024-03-20T17:26:42.767808", "lvl": "target", "msg": "cat: /sys/class/dmi/id/board_vendor: No such file or directory"}
- {"dt": "2024-03-20T17:26:42.776351", "lvl": "target", "msg": "+ true"}
- {"dt": "2024-03-20T17:26:42.777899", "lvl": "target", "msg": "+ echo 'Board name'"}
- {"dt": "2024-03-20T17:26:42.778748", "lvl": "target", "msg": "Board name"}
- {"dt": "2024-03-20T17:26:42.780051", "lvl": "target", "msg": "+ cat /sys/class/dmi/id/board_name"}
- {"dt": "2024-03-20T17:26:42.820572", "lvl": "target", "msg": "cat: /sys/class/dmi/id/board_name: No such file or directory"}
- {"dt": "2024-03-20T17:26:42.826467", "lvl": "target", "msg": "+ true"}
- {"dt": "2024-03-20T17:26:42.827729", "lvl": "target", "msg": "+ echo 'Board version'"}
- {"dt": "2024-03-20T17:26:42.828259", "lvl": "target", "msg": "Board version"}
- {"dt": "2024-03-20T17:26:42.829686", "lvl": "target", "msg": "+ cat /sys/class/dmi/id/board_version"}
- {"dt": "2024-03-20T17:26:42.865529", "lvl": "target", "msg": "cat: /sys/class/dmi/id/board_version: No such file or directory"}
- {"dt": "2024-03-20T17:26:42.871704", "lvl": "target", "msg": "+ true"}
- {"dt": "2024-03-20T17:26:42.873047", "lvl": "target", "msg": "+ echo 'Board serial'"}
- {"dt": "2024-03-20T17:26:42.873439", "lvl": "target", "msg": "Board serial"}
- {"dt": "2024-03-20T17:26:42.875330", "lvl": "target", "msg": "+ cat /sys/class/dmi/id/board_serial"}
- {"dt": "2024-03-20T17:26:42.903430", "lvl": "target", "msg": "cat: /sys/class/dmi/id/board_serial: No such file or directory"}
- {"dt": "2024-03-20T17:26:42.908713", "lvl": "target", "msg": "+ true"}
- {"dt": "2024-03-20T17:26:42.909499", "lvl": "target", "msg": "+ echo 'BIOS vendor'"}
- {"dt": "2024-03-20T17:26:42.910603", "lvl": "target", "msg": "BIOS vendor"}
- {"dt": "2024-03-20T17:26:42.911439", "lvl": "target", "msg": "+ cat /sys/class/dmi/id/bios_vendor"}
- {"dt": "2024-03-20T17:26:42.939214", "lvl": "target", "msg": "cat: /sys/class/dmi/id/bios_vendor: No such file or directory"}
- {"dt": "2024-03-20T17:26:42.943604", "lvl": "target", "msg": "+ true"}
- {"dt": "2024-03-20T17:26:42.945239", "lvl": "target", "msg": "+ echo 'BIOS release'"}
- {"dt": "2024-03-20T17:26:42.945596", "lvl": "target", "msg": "BIOS release"}
- {"dt": "2024-03-20T17:26:42.947142", "lvl": "target", "msg": "+ cat /sys/class/dmi/id/bios_release"}
- {"dt": "2024-03-20T17:26:42.974883", "lvl": "target", "msg": "cat: /sys/class/dmi/id/bios_release: No such file or directory"}
- {"dt": "2024-03-20T17:26:42.979655", "lvl": "target", "msg": "+ true"}
- {"dt": "2024-03-20T17:26:42.980521", "lvl": "target", "msg": "+ echo 'BIOS version'"}
- {"dt": "2024-03-20T17:26:42.981015", "lvl": "target", "msg": "BIOS version"}
- {"dt": "2024-03-20T17:26:42.982344", "lvl": "target", "msg": "+ cat /sys/class/dmi/id/bios_version"}
- {"dt": "2024-03-20T17:26:43.009221", "lvl": "target", "msg": "cat: /sys/class/dmi/id/bios_version: No such file or directory"}
- {"dt": "2024-03-20T17:26:43.014121", "lvl": "target", "msg": "+ true"}
- {"dt": "2024-03-20T17:26:43.015125", "lvl": "target", "msg": "+ echo 'BIOS date'"}
- {"dt": "2024-03-20T17:26:43.015511", "lvl": "target", "msg": "BIOS date"}
- {"dt": "2024-03-20T17:26:43.016420", "lvl": "target", "msg": "+ cat /sys/class/dmi/id/bios_date"}
- {"dt": "2024-03-20T17:26:43.042634", "lvl": "target", "msg": "cat: /sys/class/dmi/id/bios_date: No such file or directory"}
- {"dt": "2024-03-20T17:26:43.047425", "lvl": "target", "msg": "+ true"}
- {"dt": "2024-03-20T17:26:43.049250", "lvl": "target", "msg": "+ '[' -c /dev/teepriv0 ']'"}
- {"dt": "2024-03-20T17:26:43.074733", "lvl": "target", "msg": "++ rpmb_cid"}
- {"dt": "2024-03-20T17:26:43.083921", "lvl": "target", "msg": "++ for f in /sys/class/mmc_host/mmc*/mmc*\\:*/cid"}
- {"dt": "2024-03-20T17:26:43.085623", "lvl": "target", "msg": "++ '[' -e '/sys/class/mmc_host/mmc*/mmc*:*/cid' ']'"}
- {"dt": "2024-03-20T17:26:43.086789", "lvl": "target", "msg": "++ return"}
- {"dt": "2024-03-20T17:26:43.100516", "lvl": "target", "msg": "+ tee-supplicant -d"}
- {"dt": "2024-03-20T17:26:43.195098", "lvl": "target", "msg": "+ modprobe tpm_ftpm_tee"}
- {"dt": "2024-03-20T17:26:43.299036", "lvl": "target", "msg": "+ rngd"}
- {"dt": "2024-03-20T17:26:43.372771", "lvl": "target", "msg": "++ pidof rngd"}
- {"dt": "2024-03-20T17:26:43.564849", "lvl": "target", "msg": "+ RNGD_PID=107"}
- {"dt": "2024-03-20T17:26:43.566481", "lvl": "target", "msg": "+ '[' -c /dev/tpm0 ']'"}
- {"dt": "2024-03-20T17:26:43.567269", "lvl": "target", "msg": "+ mkdir -p /run/dbus"}
- {"dt": "2024-03-20T17:26:43.599599", "lvl": "target", "msg": "+ dbus-daemon --system"}
- {"dt": "2024-03-20T17:26:43.773658", "lvl": "target", "msg": "+ DBUS_PID="}
- {"dt": "2024-03-20T17:26:43.782431", "lvl": "target", "msg": "+ ABRMD_PID=112"}
- {"dt": "2024-03-20T17:26:43.783736", "lvl": "target", "msg": "+ tpm2_dictionarylockout -c"}
- {"dt": "2024-03-20T17:26:43.785367", "lvl": "target", "msg": "+ tpm2-abrmd --allow-root"}
- {"dt": "2024-03-20T17:26:44.661250", "lvl": "target", "msg": "+ echo 'Started basic services'"}
- {"dt": "2024-03-20T17:26:44.661599", "lvl": "target", "msg": "Started basic services"}
- {"dt": "2024-03-20T17:26:44.665234", "lvl": "target", "msg": "+ log_temps"}
- {"dt": "2024-03-20T17:26:44.665734", "lvl": "target", "msg": "+ set +e"}
- {"dt": "2024-03-20T17:26:44.667283", "lvl": "target", "msg": "+ '[' -d /sys/class/thermal ']'"}
- {"dt": "2024-03-20T17:26:44.668311", "lvl": "target", "msg": "+ echo 'Temperature trip points'"}
- {"dt": "2024-03-20T17:26:44.668629", "lvl": "target", "msg": "Temperature trip points"}
- {"dt": "2024-03-20T17:26:44.671367", "lvl": "target", "msg": "+ cat '/sys/class/thermal/thermal_zone*/trip_point_*_temp'"}
- {"dt": "2024-03-20T17:26:44.713127", "lvl": "target", "msg": "cat: '/sys/class/thermal/thermal_zone*/trip_point_*_temp': No such file or directory"}
- {"dt": "2024-03-20T17:26:44.717390", "lvl": "target", "msg": "+ echo 'Current temperatures'"}
- {"dt": "2024-03-20T17:26:44.718334", "lvl": "target", "msg": "Current temperatures"}
- {"dt": "2024-03-20T17:26:44.719732", "lvl": "target", "msg": "+ cat '/sys/class/thermal/thermal_zone*/temp'"}
- {"dt": "2024-03-20T17:26:44.752241", "lvl": "target", "msg": "cat: '/sys/class/thermal/thermal_zone*/temp': No such file or directory"}
- {"dt": "2024-03-20T17:26:44.755956", "lvl": "target", "msg": "+ set -e"}
- {"dt": "2024-03-20T17:26:44.758600", "lvl": "target", "msg": "+ find_root_device"}
- {"dt": "2024-03-20T17:26:44.759244", "lvl": "target", "msg": "+ local cmdline"}
- {"dt": "2024-03-20T17:26:44.775097", "lvl": "target", "msg": "++ cat /proc/cmdline"}
- {"dt": "2024-03-20T17:26:44.802314", "lvl": "target", "msg": "+ cmdline='BOOT_IMAGE=/Image rootwait rw panic=60 root=UUID=6091b3a4-ce08-3020-93a6-f755a22ef03b'"}
- {"dt": "2024-03-20T17:26:44.803820", "lvl": "target", "msg": "+ local rootfs_string="}
- {"dt": "2024-03-20T17:26:44.806294", "lvl": "target", "msg": "+ for arg in $cmdline"}
- {"dt": "2024-03-20T17:26:44.829441", "lvl": "target", "msg": "++ expr xBOOT_IMAGE=/Image : 'x[^=]*=\\(.*\\)'"}
- {"dt": "2024-03-20T17:26:44.899120", "lvl": "target", "msg": "+ optarg=/Image"}
- {"dt": "2024-03-20T17:26:44.899985", "lvl": "target", "msg": "+ case \"$arg\" in"}
- {"dt": "2024-03-20T17:26:44.901400", "lvl": "target", "msg": "+ for arg in $cmdline"}
- {"dt": "2024-03-20T17:26:44.923757", "lvl": "target", "msg": "++ expr xrootwait : 'x[^=]*=\\(.*\\)'"}
- {"dt": "2024-03-20T17:26:44.968714", "lvl": "target", "msg": "++ continue"}
- {"dt": "2024-03-20T17:26:44.976245", "lvl": "target", "msg": "+ optarg="}
- {"dt": "2024-03-20T17:26:44.977254", "lvl": "target", "msg": "+ case \"$arg\" in"}
- {"dt": "2024-03-20T17:26:44.978022", "lvl": "target", "msg": "+ for arg in $cmdline"}
- {"dt": "2024-03-20T17:26:44.998269", "lvl": "target", "msg": "++ expr xrw : 'x[^=]*=\\(.*\\)'"}
- {"dt": "2024-03-20T17:26:45.036148", "lvl": "target", "msg": "++ continue"}
- {"dt": "2024-03-20T17:26:45.043794", "lvl": "target", "msg": "+ optarg="}
- {"dt": "2024-03-20T17:26:45.044449", "lvl": "target", "msg": "+ case \"$arg\" in"}
- {"dt": "2024-03-20T17:26:45.045120", "lvl": "target", "msg": "+ for arg in $cmdline"}
- {"dt": "2024-03-20T17:26:45.065006", "lvl": "target", "msg": "++ expr xpanic=60 : 'x[^=]*=\\(.*\\)'"}
- {"dt": "2024-03-20T17:26:45.111592", "lvl": "target", "msg": "+ optarg=60"}
- {"dt": "2024-03-20T17:26:45.112311", "lvl": "target", "msg": "+ case \"$arg\" in"}
- {"dt": "2024-03-20T17:26:45.112978", "lvl": "target", "msg": "+ for arg in $cmdline"}
- {"dt": "2024-03-20T17:26:45.134954", "lvl": "target", "msg": "++ expr xroot=UUID=6091b3a4-ce08-3020-93a6-f755a22ef03b : 'x[^=]*=\\(.*\\)'"}
- {"dt": "2024-03-20T17:26:45.178920", "lvl": "target", "msg": "+ optarg=UUID=6091b3a4-ce08-3020-93a6-f755a22ef03b"}
- {"dt": "2024-03-20T17:26:45.179632", "lvl": "target", "msg": "+ case \"$arg\" in"}
- {"dt": "2024-03-20T17:26:45.180926", "lvl": "target", "msg": "+ rootfs_string=UUID=6091b3a4-ce08-3020-93a6-f755a22ef03b"}
- {"dt": "2024-03-20T17:26:45.182800", "lvl": "target", "msg": "+ '[' -z UUID=6091b3a4-ce08-3020-93a6-f755a22ef03b ']'"}
- {"dt": "2024-03-20T17:26:45.222466", "lvl": "target", "msg": "++ echo UUID=6091b3a4-ce08-3020-93a6-f755a22ef03b"}
- {"dt": "2024-03-20T17:26:45.225237", "lvl": "target", "msg": "++ sed s/UUID=//"}
- {"dt": "2024-03-20T17:26:45.302609", "lvl": "target", "msg": "+ ROOT_UUID=6091b3a4-ce08-3020-93a6-f755a22ef03b"}
- {"dt": "2024-03-20T17:26:45.304278", "lvl": "target", "msg": "+ wait_for_root_uuid 6091b3a4-ce08-3020-93a6-f755a22ef03b"}
- {"dt": "2024-03-20T17:26:45.305627", "lvl": "target", "msg": "+ local timeout=10"}
- {"dt": "2024-03-20T17:26:45.306966", "lvl": "target", "msg": "+ '[' 10 -gt 0 ']'"}
- {"dt": "2024-03-20T17:26:45.337115", "lvl": "target", "msg": "++ blkid"}
- {"dt": "2024-03-20T17:26:45.347237", "lvl": "target", "msg": "++ grep 6091b3a4-ce08-3020-93a6-f755a22ef03b"}
- {"dt": "2024-03-20T17:26:45.359102", "lvl": "target", "msg": "++ cut -d: -f 1"}
- {"dt": "2024-03-20T17:26:46.204559", "lvl": "target", "msg": "+ ROOT_DEV=/dev/vda2"}
- {"dt": "2024-03-20T17:26:46.206273", "lvl": "target", "msg": "+ '[' /dev/vda2 ']'"}
- {"dt": "2024-03-20T17:26:46.206806", "lvl": "target", "msg": "+ return"}
- {"dt": "2024-03-20T17:26:46.209008", "lvl": "target", "msg": "+ '[' -z /dev/vda2 ']'"}
- {"dt": "2024-03-20T17:26:46.209846", "lvl": "target", "msg": "+ echo 'Found rootfs at /dev/vda2'"}
- {"dt": "2024-03-20T17:26:46.210633", "lvl": "target", "msg": "Found rootfs at /dev/vda2"}
- {"dt": "2024-03-20T17:26:46.211841", "lvl": "target", "msg": "+ resize_root_part"}
- {"dt": "2024-03-20T17:26:46.212353", "lvl": "target", "msg": "+ local disk"}
- {"dt": "2024-03-20T17:26:46.212864", "lvl": "target", "msg": "+ local part"}
- {"dt": "2024-03-20T17:26:46.213351", "lvl": "target", "msg": "+ local fstype"}
- {"dt": "2024-03-20T17:26:46.231126", "lvl": "target", "msg": "++ lsblk -ndpo PKNAME /dev/vda2"}
- {"dt": "2024-03-20T17:26:46.336053", "lvl": "target", "msg": "+ disk=/dev/vda"}
- {"dt": "2024-03-20T17:26:46.370321", "lvl": "target", "msg": "++ grep -Eo '[0-9]+'"}
- {"dt": "2024-03-20T17:26:46.375021", "lvl": "target", "msg": "++ echo 2"}
- {"dt": "2024-03-20T17:26:46.426795", "lvl": "target", "msg": "+ part=2"}
- {"dt": "2024-03-20T17:26:46.428573", "lvl": "target", "msg": "+ echo 'Resizing /dev/vda2 part with all space left in /dev/vda'"}
- {"dt": "2024-03-20T17:26:46.429470", "lvl": "target", "msg": "Resizing /dev/vda2 part with all space left in /dev/vda"}
- {"dt": "2024-03-20T17:26:46.430764", "lvl": "target", "msg": "+ parted --script --fix /dev/vda resizepart 2 100% unit compact print"}
- {"dt": "2024-03-20T17:26:46.749439", "lvl": "target", "msg": "Fixing, due to --fix"}
- {"dt": "2024-03-20T17:26:47.398525", "lvl": "target", "msg": "Model: Virtio Block Device (virtblk)"}
- {"dt": "2024-03-20T17:26:47.399214", "lvl": "target", "msg": "Disk /dev/vda: 13.9GB"}
- {"dt": "2024-03-20T17:26:47.399798", "lvl": "target", "msg": "Sector size (logical/physical): 512B/512B"}
- {"dt": "2024-03-20T17:26:47.400037", "lvl": "target", "msg": "Partition Table: gpt"}
- {"dt": "2024-03-20T17:26:47.400607", "lvl": "target", "msg": "Disk Flags: "}
- {"dt": "2024-03-20T17:26:47.400798", "lvl": "target", "msg": ""}
- {"dt": "2024-03-20T17:26:47.407383", "lvl": "target", "msg": "Number  Start   End     Size    File system  Name     Flags"}
- {"dt": "2024-03-20T17:26:47.408322", "lvl": "target", "msg": " 1      20.5kB  268MB   268MB   fat16        ESP      boot, legacy_boot, esp"}
- {"dt": "2024-03-20T17:26:47.408594", "lvl": "target", "msg": " 2      268MB   13.9GB  13.6GB  ext4         otaroot"}
- {"dt": "2024-03-20T17:26:47.408799", "lvl": "target", "msg": ""}
- {"dt": "2024-03-20T17:26:47.425580", "lvl": "target", "msg": "+ partprobe --summary"}
- {"dt": "2024-03-20T17:26:47.881428", "lvl": "target", "msg": "/dev/vdb: loop partitions 1"}
- {"dt": "2024-03-20T17:26:47.919088", "lvl": "target", "msg": "/dev/mtdblock0: msdos partitions"}
- {"dt": "2024-03-20T17:26:48.090928", "lvl": "target", "msg": "/dev/vda: gpt partitions 1 2"}
- {"dt": "2024-03-20T17:26:48.116585", "lvl": "target", "msg": "++ lsblk --fs -ndpo FSTYPE /dev/vda2"}
- {"dt": "2024-03-20T17:26:48.275628", "lvl": "target", "msg": "+ fstype=ext4"}
- {"dt": "2024-03-20T17:26:48.277249", "lvl": "target", "msg": "+ '[' ext4 = ext4 ']'"}
- {"dt": "2024-03-20T17:26:48.278617", "lvl": "target", "msg": "+ resize2fs -f /dev/vda2"}
- {"dt": "2024-03-20T17:26:48.322312", "lvl": "target", "msg": "resize2fs 1.47.0 (5-Feb-2023)"}
- {"dt": "2024-03-20T17:26:48.339687", "lvl": "target", "msg": "Resizing the filesystem on /dev/vda2 to 3329951 (4k) blocks."}
- {"dt": "2024-03-20T17:26:49.375525", "lvl": "target", "msg": "The filesystem on /dev/vda2 is now 3329951 (4k) blocks long."}
- {"dt": "2024-03-20T17:26:49.376535", "lvl": "target", "msg": ""}
- {"dt": "2024-03-20T17:26:49.391974", "lvl": "target", "msg": "+ try_encrypt"}
- {"dt": "2024-03-20T17:26:49.395153", "lvl": "target", "msg": "+ '[' '!' -c /dev/tpm0 ']'"}
- {"dt": "2024-03-20T17:26:49.397211", "lvl": "target", "msg": "+ local efivars_dir=/sys/firmware/efi/efivars"}
- {"dt": "2024-03-20T17:26:49.399544", "lvl": "target", "msg": "+ '[' -d /sys/firmware/efi/efivars ']'"}
- {"dt": "2024-03-20T17:26:49.402788", "lvl": "target", "msg": "+ mountpoint -q /sys/firmware/efi/efivars"}
- {"dt": "2024-03-20T17:26:49.460786", "lvl": "target", "msg": "+ mount -o nosuid,noexec,nodev -t efivarfs efivarfs /sys/firmware/efi/efivars"}
- {"dt": "2024-03-20T17:26:49.598669", "lvl": "target", "msg": "+ local secureboot_status"}
- {"dt": "2024-03-20T17:26:49.621007", "lvl": "target", "msg": "++ efivar -d -n 8be4df61-93ca-11d2-aa0d-00e098032b8c-SecureBoot"}
- {"dt": "2024-03-20T17:26:49.669643", "lvl": "target", "msg": "+ secureboot_status='1 '"}
- {"dt": "2024-03-20T17:26:49.689853", "lvl": "target", "msg": "++ trim '1 '"}
- {"dt": "2024-03-20T17:26:49.692211", "lvl": "target", "msg": "++ local 'var=1 '"}
- {"dt": "2024-03-20T17:26:49.696043", "lvl": "target", "msg": "++ var='1 '"}
- {"dt": "2024-03-20T17:26:49.698230", "lvl": "target", "msg": "++ var=1"}
- {"dt": "2024-03-20T17:26:49.698505", "lvl": "target", "msg": "++ echo 1"}
- {"dt": "2024-03-20T17:26:49.707987", "lvl": "target", "msg": "+ secureboot_status=1"}
- {"dt": "2024-03-20T17:26:49.710334", "lvl": "target", "msg": "+ '[' 1 '!=' 1 ']'"}
- {"dt": "2024-03-20T17:26:49.711201", "lvl": "target", "msg": "+ local encr_uuid"}
- {"dt": "2024-03-20T17:26:49.728558", "lvl": "target", "msg": "++ cryptsetup luksUUID /dev/vda2"}
- {"dt": "2024-03-20T17:26:49.866650", "lvl": "target", "msg": "+ encr_uuid="}
- {"dt": "2024-03-20T17:26:49.870355", "lvl": "target", "msg": "+ '[' -n '' -a '' = 6091b3a4-ce08-3020-93a6-f755a22ef03b ']'"}
- {"dt": "2024-03-20T17:26:49.872508", "lvl": "target", "msg": "+ check_storage_health"}
- {"dt": "2024-03-20T17:26:49.874796", "lvl": "target", "msg": "+ local root_dev"}
- {"dt": "2024-03-20T17:26:49.897852", "lvl": "target", "msg": "++ get_root_dev"}
- {"dt": "2024-03-20T17:26:49.923915", "lvl": "target", "msg": "+++ awk -F root=UUID= '{split($2, a, \" \"); print a[1]}'"}
- {"dt": "2024-03-20T17:26:50.087183", "lvl": "target", "msg": "++ blkid -U 6091b3a4-ce08-3020-93a6-f755a22ef03b -s PARTUUID -o device"}
- {"dt": "2024-03-20T17:26:50.235557", "lvl": "target", "msg": "+ root_dev=/dev/vda2"}
- {"dt": "2024-03-20T17:26:50.236959", "lvl": "target", "msg": "+ local disk"}
- {"dt": "2024-03-20T17:26:50.252916", "lvl": "target", "msg": "++ lsblk -ndpo PKNAME /dev/vda2"}
- {"dt": "2024-03-20T17:26:50.304685", "lvl": "target", "msg": "+ disk=/dev/vda"}
- {"dt": "2024-03-20T17:26:50.306513", "lvl": "target", "msg": "+ set +e"}
- {"dt": "2024-03-20T17:26:50.310945", "lvl": "target", "msg": "+ [[ /dev/vda =~ sd ]]"}
- {"dt": "2024-03-20T17:26:50.322967", "lvl": "target", "msg": "+ [[ /dev/vda =~ nvme ]]"}
- {"dt": "2024-03-20T17:26:50.325027", "lvl": "target", "msg": "+ [[ /dev/vda =~ mmc ]]"}
- {"dt": "2024-03-20T17:26:50.325824", "lvl": "target", "msg": "+ set -e"}
- {"dt": "2024-03-20T17:26:50.328647", "lvl": "target", "msg": "+ encrypt_fs"}
- {"dt": "2024-03-20T17:26:50.330934", "lvl": "target", "msg": "+ print_encr_msg"}
- {"dt": "2024-03-20T17:26:50.331912", "lvl": "target", "msg": "+ echo ''"}
- {"dt": "2024-03-20T17:26:50.332167", "lvl": "target", "msg": ""}
- {"dt": "2024-03-20T17:26:50.333144", "lvl": "target", "msg": "+ echo '!!!! Warning: erase and encryption is in progress.!!!!'"}
- {"dt": "2024-03-20T17:26:50.333742", "lvl": "target", "msg": "!!!! Warning: erase and encryption is in progress.!!!!"}
- {"dt": "2024-03-20T17:26:50.335214", "lvl": "target", "msg": "+ echo '!!!! Do not reset/power off your machine until this completes.!!!!'"}
- {"dt": "2024-03-20T17:26:50.335819", "lvl": "target", "msg": "!!!! Do not reset/power off your machine until this completes.!!!!"}
- {"dt": "2024-03-20T17:26:50.336070", "lvl": "target", "msg": "+ echo ''"}
- {"dt": "2024-03-20T17:26:50.336312", "lvl": "target", "msg": ""}
- {"dt": "2024-03-20T17:26:50.337221", "lvl": "target", "msg": "+ mount_device /dev/vda2 /mnt"}
- {"dt": "2024-03-20T17:26:50.338776", "lvl": "target", "msg": "+ local dev=/dev/vda2"}
- {"dt": "2024-03-20T17:26:50.339337", "lvl": "target", "msg": "+ local dir=/mnt"}
- {"dt": "2024-03-20T17:26:50.339903", "lvl": "target", "msg": "+ local mount_flags=rw,noatime,iversion"}
- {"dt": "2024-03-20T17:26:50.340854", "lvl": "target", "msg": "+ mount /dev/vda2 /mnt -o rw,noatime,iversion"}
- {"dt": "2024-03-20T17:26:50.631367", "lvl": "target", "msg": "[   18.007648] EXT4-fs (vda2): mounted filesystem 6091b3a4-ce08-3020-93a6-f755a22ef03b r/w with ordered data mode. Quota mode: disabled."}
- {"dt": "2024-03-20T17:26:50.657374", "lvl": "target", "msg": "+ cd /mnt"}
- {"dt": "2024-03-20T17:26:50.662831", "lvl": "target", "msg": "+ echo 'Backup filesystem to tmpfs ...'"}
- {"dt": "2024-03-20T17:26:50.663307", "lvl": "target", "msg": "Backup filesystem to tmpfs ..."}
- {"dt": "2024-03-20T17:26:50.683335", "lvl": "target", "msg": "+ tar -cf - ."}
- {"dt": "2024-03-20T17:26:50.688600", "lvl": "target", "msg": "+ pigz -c"}
- {"dt": "2024-03-20T17:30:18.623568", "lvl": "target", "msg": "+ cd -"}
- {"dt": "2024-03-20T17:30:18.626632", "lvl": "target", "msg": "+ umount /mnt"}
- {"dt": "2024-03-20T17:30:24.374138", "lvl": "target", "msg": "[  231.750332] EXT4-fs (vda2): unmounting filesystem 6091b3a4-ce08-3020-93a6-f755a22ef03b."}
- {"dt": "2024-03-20T17:30:24.828396", "lvl": "target", "msg": "+ echo 'Creating LUKS2 volumes ...'"}
- {"dt": "2024-03-20T17:30:24.829300", "lvl": "target", "msg": "Creating LUKS2 volumes ..."}
- {"dt": "2024-03-20T17:30:24.846441", "lvl": "target", "msg": "+ tr -dc '_A-Z-a-z-0-9[:punct:]'"}
- {"dt": "2024-03-20T17:30:24.848508", "lvl": "target", "msg": "+ head -c 32"}
- {"dt": "2024-03-20T17:30:24.877166", "lvl": "target", "msg": "+ tpm2_seal_password /tmp/rand_key"}
- {"dt": "2024-03-20T17:30:24.880182", "lvl": "target", "msg": "+ local passfilename=/tmp/rand_key"}
- {"dt": "2024-03-20T17:30:24.880936", "lvl": "target", "msg": "+ cd /tpm2/"}
- {"dt": "2024-03-20T17:30:24.882680", "lvl": "target", "msg": "+ tpm2_createprimary -Q --hierarchy=o --key-context=prim.ctx"}
- {"dt": "2024-03-20T17:30:25.809591", "lvl": "target", "msg": "+ tpm2_loadexternal --key-algorithm=rsa --hierarchy=o --public=signing_key_public.pem --key-context=signing_key.ctx --name=signing_key.name"}
- {"dt": "2024-03-20T17:30:26.375145", "lvl": "target", "msg": "+ tpm2_startauthsession --session=session.ctx"}
- {"dt": "2024-03-20T17:30:26.928581", "lvl": "target", "msg": "+ tpm2_policyauthorize --session=session.ctx --policy=authorized.policy --name=signing_key.name"}
- {"dt": "2024-03-20T17:30:27.445715", "lvl": "target", "msg": "+ tpm2_flushcontext session.ctx"}
- {"dt": "2024-03-20T17:30:27.908157", "lvl": "target", "msg": "+ cat /tmp/rand_key"}
- {"dt": "2024-03-20T17:30:27.920348", "lvl": "target", "msg": "+ tpm2_create --hash-algorithm=sha256 --public=auth_pcr_seal_key.pub --private=auth_pcr_seal_key.priv --sealing-input=- --parent-context=prim.ctx --policy=authorized.policy"}
- {"dt": "2024-03-20T17:30:28.655580", "lvl": "target", "msg": "+ tpm2_load -Q --parent-context=prim.ctx --public=auth_pcr_seal_key.pub --private=auth_pcr_seal_key.priv --name=seal.name --key-context=seal.ctx"}
- {"dt": "2024-03-20T17:30:29.266690", "lvl": "target", "msg": "+ tpm2_evictcontrol -Q -C o -c 0x8100000a"}
- {"dt": "2024-03-20T17:30:29.745261", "lvl": "target", "msg": "+ echo 'initramfs: TPM NVRAM 0x8100000a index deleted.'"}
- {"dt": "2024-03-20T17:30:29.747155", "lvl": "target", "msg": "initramfs: TPM NVRAM 0x8100000a index deleted."}
- {"dt": "2024-03-20T17:30:29.748766", "lvl": "target", "msg": "+ tpm2_evictcontrol --hierarchy=o --object-context=seal.ctx 0x8100000a"}
- {"dt": "2024-03-20T17:30:30.381085", "lvl": "target", "msg": "+ cd -"}
- {"dt": "2024-03-20T17:30:30.385150", "lvl": "target", "msg": "+ cryptsetup -q --type luks2 --cipher aes-xts-plain --hash sha256 --use-random --uuid=6091b3a4-ce08-3020-93a6-f755a22ef03b luksFormat /dev/vda2 --key-file /tmp/rand_key --label otaroot"}
- {"dt": "2024-03-20T17:30:40.312037", "lvl": "target", "msg": "+ echo 'Creating encrypted filesystem ...'"}
- {"dt": "2024-03-20T17:30:40.312576", "lvl": "target", "msg": "Creating encrypted filesystem ..."}
- {"dt": "2024-03-20T17:30:40.313680", "lvl": "target", "msg": "+ cryptsetup luksOpen --key-file /tmp/rand_key /dev/vda2 rootfs"}
- {"dt": "2024-03-20T17:30:42.885552", "lvl": "target", "msg": "+ shred /tmp/rand_key"}
- {"dt": "2024-03-20T17:30:42.925443", "lvl": "target", "msg": "+ rm /tmp/rand_key"}
- {"dt": "2024-03-20T17:30:42.966845", "lvl": "target", "msg": "+ mkfs.ext4 -q -L otaroot /dev/mapper/rootfs"}
- {"dt": "2024-03-20T17:30:47.159353", "lvl": "target", "msg": "+ mount_device /dev/mapper/rootfs /rootfs"}
- {"dt": "2024-03-20T17:30:47.163046", "lvl": "target", "msg": "+ local dev=/dev/mapper/rootfs"}
- {"dt": "2024-03-20T17:30:47.163893", "lvl": "target", "msg": "+ local dir=/rootfs"}
- {"dt": "2024-03-20T17:30:47.165205", "lvl": "target", "msg": "+ local mount_flags=rw,noatime,iversion"}
- {"dt": "2024-03-20T17:30:47.166901", "lvl": "target", "msg": "+ mount /dev/mapper/rootfs /rootfs -o rw,noatime,iversion"}
- {"dt": "2024-03-20T17:30:48.944404", "lvl": "target", "msg": "[  256.319999] EXT4-fs (dm-0): mounted filesystem 581b4708-8129-4dbf-a0db-776dfbe5d6b3 r/w with ordered data mode. Quota mode: disabled."}
- {"dt": "2024-03-20T17:30:48.961561", "lvl": "target", "msg": "+ cd /rootfs"}
- {"dt": "2024-03-20T17:30:48.985348", "lvl": "target", "msg": "+ unpigz -c /tmp/rootfs.tar.gz"}
- {"dt": "2024-03-20T17:30:48.996228", "lvl": "target", "msg": "+ tar xpf -"}
- {"dt": "2024-03-20T17:35:26.721195", "lvl": "target", "msg": "+ cd -"}
- {"dt": "2024-03-20T17:35:26.742294", "lvl": "target", "msg": "+ env"}
- {"dt": "2024-03-20T17:35:26.748727", "lvl": "target", "msg": "+ grep -q ostree"}
- {"dt": "2024-03-20T17:35:26.797987", "lvl": "target", "msg": "+ awk '!/rootfs/{print $2}' /proc/mounts"}
- {"dt": "2024-03-20T17:35:26.808575", "lvl": "target", "msg": "+ IFS="}
- {"dt": "2024-03-20T17:35:26.808838", "lvl": "target", "msg": "+ read -r dir"}
- {"dt": "2024-03-20T17:35:26.845027", "lvl": "target", "msg": "+ '[' /proc '!=' /proc ']'"}
- {"dt": "2024-03-20T17:35:26.846417", "lvl": "target", "msg": "+ mkdir -p /rootfs/proc"}
- {"dt": "2024-03-20T17:35:26.882524", "lvl": "target", "msg": "+ mount -nv --move /proc /rootfs/proc"}
- {"dt": "2024-03-20T17:35:26.919737", "lvl": "target", "msg": "mount: /proc moved to /rootfs/proc."}
- {"dt": "2024-03-20T17:35:26.927252", "lvl": "target", "msg": "+ IFS="}
- {"dt": "2024-03-20T17:35:26.927679", "lvl": "target", "msg": "+ read -r dir"}
- {"dt": "2024-03-20T17:35:26.930487", "lvl": "target", "msg": "+ '[' /sys '!=' /sys ']'"}
- {"dt": "2024-03-20T17:35:26.931466", "lvl": "target", "msg": "+ mkdir -p /rootfs/sys"}
- {"dt": "2024-03-20T17:35:26.962546", "lvl": "target", "msg": "+ mount -nv --move /sys /rootfs/sys"}
- {"dt": "2024-03-20T17:35:26.996733", "lvl": "target", "msg": "mount: /sys moved to /rootfs/sys."}
- {"dt": "2024-03-20T17:35:27.004483", "lvl": "target", "msg": "+ IFS="}
- {"dt": "2024-03-20T17:35:27.004929", "lvl": "target", "msg": "+ read -r dir"}
- {"dt": "2024-03-20T17:35:27.007697", "lvl": "target", "msg": "+ '[' /dev '!=' /dev ']'"}
- {"dt": "2024-03-20T17:35:27.008986", "lvl": "target", "msg": "+ mkdir -p /rootfs/dev"}
- {"dt": "2024-03-20T17:35:27.042426", "lvl": "target", "msg": "+ mount -nv --move /dev /rootfs/dev"}
- {"dt": "2024-03-20T17:35:27.078435", "lvl": "target", "msg": "mount: /dev moved to /rootfs/dev."}
- {"dt": "2024-03-20T17:35:27.084421", "lvl": "target", "msg": "+ IFS="}
- {"dt": "2024-03-20T17:35:27.085224", "lvl": "target", "msg": "+ read -r dir"}
- {"dt": "2024-03-20T17:35:27.088168", "lvl": "target", "msg": "+ '[' /run '!=' /run ']'"}
- {"dt": "2024-03-20T17:35:27.089550", "lvl": "target", "msg": "+ mkdir -p /rootfs/run"}
- {"dt": "2024-03-20T17:35:27.148169", "lvl": "target", "msg": "+ mount -nv --move /run /rootfs/run"}
- {"dt": "2024-03-20T17:35:27.207137", "lvl": "target", "msg": "mount: /run moved to /rootfs/run."}
- {"dt": "2024-03-20T17:35:27.215917", "lvl": "target", "msg": "+ IFS="}
- {"dt": "2024-03-20T17:35:27.216336", "lvl": "target", "msg": "+ read -r dir"}
- {"dt": "2024-03-20T17:35:27.219482", "lvl": "target", "msg": "+ '[' /tmp '!=' /tmp ']'"}
- {"dt": "2024-03-20T17:35:27.220476", "lvl": "target", "msg": "+ mkdir -p /rootfs/tmp"}
- {"dt": "2024-03-20T17:35:27.263192", "lvl": "target", "msg": "+ mount -nv --move /tmp /rootfs/tmp"}
- {"dt": "2024-03-20T17:35:27.306252", "lvl": "target", "msg": "mount: /tmp moved to /rootfs/tmp."}
- {"dt": "2024-03-20T17:35:27.313141", "lvl": "target", "msg": "+ IFS="}
- {"dt": "2024-03-20T17:35:27.313544", "lvl": "target", "msg": "+ read -r dir"}
- {"dt": "2024-03-20T17:35:27.315853", "lvl": "target", "msg": "+ '[' '' '!=' /sys/firmware/efi/efivars ']'"}
- {"dt": "2024-03-20T17:35:27.316350", "lvl": "target", "msg": "+ continue"}
- {"dt": "2024-03-20T17:35:27.316996", "lvl": "target", "msg": "+ IFS="}
- {"dt": "2024-03-20T17:35:27.317347", "lvl": "target", "msg": "+ read -r dir"}
- {"dt": "2024-03-20T17:35:27.329773", "lvl": "target", "msg": "+ log_temps"}
- {"dt": "2024-03-20T17:35:27.331210", "lvl": "target", "msg": "+ set +e"}
- {"dt": "2024-03-20T17:35:27.331836", "lvl": "target", "msg": "+ '[' -d /sys/class/thermal ']'"}
- {"dt": "2024-03-20T17:35:27.332777", "lvl": "target", "msg": "+ set -e"}
- {"dt": "2024-03-20T17:35:27.334380", "lvl": "target", "msg": "+ exec switch_root /rootfs /sbin/init"}
- {"dt": "2024-03-20T17:35:28.595547", "lvl": "target", "msg": "SELinux:  Could not open policy file <= /etc/selinux/targeted/policy/policy.33:  No such file or directory"}
- {"dt": "2024-03-20T17:35:28.888058", "lvl": "target", "msg": "[  536.263247] systemd[1]: systemd 254.4^ running in system mode (+PAM +AUDIT +SELINUX -APPARMOR +IMA -SMACK +SECCOMP -GCRYPT -GNUTLS -OPENSSL +ACL +BLKID -CURL -ELFUTILS -FIDO2 -IDN2 -IDN -IPTC +KMOD -LIBCRYPTSETUP +LIBFDISK -PCRE2 -PWQUALITY -P11KIT -QRENCODE -TPM2 -BZIP2 -LZ4 -XZ -ZLIB +ZSTD -BPF_FRAMEWORK +XKBCOMMON +UTMP +SYSVINIT default-hierarchy=hybrid)"}
- {"dt": "2024-03-20T17:35:28.889857", "lvl": "target", "msg": "[  536.266421] systemd[1]: Detected virtualization qemu."}
- {"dt": "2024-03-20T17:35:28.891022", "lvl": "target", "msg": "[  536.267621] systemd[1]: Detected architecture arm64."}
- {"dt": "2024-03-20T17:35:29.013459", "lvl": "target", "msg": ""}
- {"dt": "2024-03-20T17:35:29.014572", "lvl": "target", "msg": "Welcome to [1mTRS (Trusted Reference Stack) v0.3-145-g98ea9a0 (build_id e3b0c44298) (nanbield)[0m!"}
- {"dt": "2024-03-20T17:35:29.014803", "lvl": "target", "msg": ""}
- {"dt": "2024-03-20T17:35:29.021600", "lvl": "target", "msg": "[  536.398095] systemd[1]: Hostname set to <trs-qemuarm64>."}
- {"dt": "2024-03-20T17:35:29.026957", "lvl": "target", "msg": "[  536.403491] systemd[1]: Initializing machine ID from random generator."}
- {"dt": "2024-03-20T17:35:30.933126", "lvl": "target", "msg": "[  538.308740] systemd[1]: /usr/lib/systemd/system/xen-qemu-dom0-disk-backend.service:11: PIDFile= references a path below legacy directory /var/run/, updating /var/run/xen/qemu-dom0.pid \u2192 /run/xen/qemu-dom0.pid; please update the unit file accordingly."}
- {"dt": "2024-03-20T17:35:31.179444", "lvl": "target", "msg": "[  538.554478] systemd[1]: /usr/lib/systemd/system/greengrass.service:7: PIDFile= references a path below legacy directory /var/run/, updating /var/run/greengrass.pid \u2192 /run/greengrass.pid; please update the unit file accordingly."}
- {"dt": "2024-03-20T17:35:32.212651", "lvl": "target", "msg": "[  539.589024] systemd[1]: Queued start job for default target Multi-User System."}
- {"dt": "2024-03-20T17:35:32.703187", "lvl": "target", "msg": "[  540.078496] systemd[1]: Created slice Slice /system/getty."}
- {"dt": "2024-03-20T17:35:32.708490", "lvl": "target", "msg": "[[0;32m  OK  [0m] Created slice [0;1;39mSlice /system/getty[0m."}
- {"dt": "2024-03-20T17:35:32.734457", "lvl": "target", "msg": "[  540.110998] systemd[1]: Created slice Slice /system/modprobe."}
- {"dt": "2024-03-20T17:35:32.736054", "lvl": "target", "msg": "[[0;32m  OK  [0m] Created slice [0;1;39mSlice /system/modprobe[0m."}
- {"dt": "2024-03-20T17:35:32.759837", "lvl": "target", "msg": "[  540.136403] systemd[1]: Created slice Slice /system/serial-getty."}
- {"dt": "2024-03-20T17:35:32.761135", "lvl": "target", "msg": "[[0;32m  OK  [0m] Created slice [0;1;39mSlice /system/serial-getty[0m."}
- {"dt": "2024-03-20T17:35:32.784503", "lvl": "target", "msg": "[  540.161051] systemd[1]: Created slice User and Session Slice."}
- {"dt": "2024-03-20T17:35:32.785834", "lvl": "target", "msg": "[[0;32m  OK  [0m] Created slice [0;1;39mUser and Session Slice[0m."}
- {"dt": "2024-03-20T17:35:32.792589", "lvl": "target", "msg": "[  540.168799] systemd[1]: Started Dispatch Password Requests to Console Directory Watch."}
- {"dt": "2024-03-20T17:35:32.793756", "lvl": "target", "msg": "[[0;32m  OK  [0m] Started [0;1;39mDispatch Password Requests to Console Directory Watch[0m."}
- {"dt": "2024-03-20T17:35:32.797137", "lvl": "target", "msg": "[  540.173438] systemd[1]: Started Forward Password Requests to Wall Directory Watch."}
- {"dt": "2024-03-20T17:35:32.798753", "lvl": "target", "msg": "[[0;32m  OK  [0m] Started [0;1;39mForward Password Requests to Wall Directory Watch[0m."}
- {"dt": "2024-03-20T17:35:32.803182", "lvl": "target", "msg": "[  540.179803] systemd[1]: Reached target Path Units."}
- {"dt": "2024-03-20T17:35:32.803991", "lvl": "target", "msg": "[[0;32m  OK  [0m] Reached target [0;1;39mPath Units[0m."}
- {"dt": "2024-03-20T17:35:32.805261", "lvl": "target", "msg": "[  540.181885] systemd[1]: Reached target Remote File Systems."}
- {"dt": "2024-03-20T17:35:32.806642", "lvl": "target", "msg": "[[0;32m  OK  [0m] Reached target [0;1;39mRemote File Systems[0m."}
- {"dt": "2024-03-20T17:35:32.807681", "lvl": "target", "msg": "[  540.184308] systemd[1]: Reached target Slice Units."}
- {"dt": "2024-03-20T17:35:32.808511", "lvl": "target", "msg": "[[0;32m  OK  [0m] Reached target [0;1;39mSlice Units[0m."}
- {"dt": "2024-03-20T17:35:32.809685", "lvl": "target", "msg": "[  540.186307] systemd[1]: Reached target Swaps."}
- {"dt": "2024-03-20T17:35:32.810717", "lvl": "target", "msg": "[[0;32m  OK  [0m] Reached target [0;1;39mSwaps[0m."}
- {"dt": "2024-03-20T17:35:33.207194", "lvl": "target", "msg": "[  540.583111] systemd[1]: Listening on RPCbind Server Activation Socket."}
- {"dt": "2024-03-20T17:35:33.211381", "lvl": "target", "msg": "[[0;32m  OK  [0m] Listening on [0;1;39mRPCbind Server Activation Socket[0m."}
- {"dt": "2024-03-20T17:35:33.216906", "lvl": "target", "msg": "[  540.593058] systemd[1]: Reached target RPC Port Mapper."}
- {"dt": "2024-03-20T17:35:33.219417", "lvl": "target", "msg": "[[0;32m  OK  [0m] Reached target [0;1;39mRPC Port Mapper[0m."}
- {"dt": "2024-03-20T17:35:33.237157", "lvl": "target", "msg": "[  540.613315] systemd[1]: Listening on Syslog Socket."}
- {"dt": "2024-03-20T17:35:33.239958", "lvl": "target", "msg": "[[0;32m  OK  [0m] Listening on [0;1;39mSyslog Socket[0m."}
- {"dt": "2024-03-20T17:35:33.249880", "lvl": "target", "msg": "[  540.626004] systemd[1]: Listening on initctl Compatibility Named Pipe."}
- {"dt": "2024-03-20T17:35:33.252160", "lvl": "target", "msg": "[[0;32m  OK  [0m] Listening on [0;1;39minitctl Compatibility Named Pipe[0m."}
- {"dt": "2024-03-20T17:35:33.272487", "lvl": "target", "msg": "[  540.648735] systemd[1]: Listening on Journal Audit Socket."}
- {"dt": "2024-03-20T17:35:33.274758", "lvl": "target", "msg": "[[0;32m  OK  [0m] Listening on [0;1;39mJournal Audit Socket[0m."}
- {"dt": "2024-03-20T17:35:33.284982", "lvl": "target", "msg": "[  540.661362] systemd[1]: Listening on Journal Socket (/dev/log)."}
- {"dt": "2024-03-20T17:35:33.286720", "lvl": "target", "msg": "[[0;32m  OK  [0m] Listening on [0;1;39mJournal Socket (/dev/log)[0m."}
- {"dt": "2024-03-20T17:35:33.296394", "lvl": "target", "msg": "[  540.672824] systemd[1]: Listening on Journal Socket."}
- {"dt": "2024-03-20T17:35:33.297539", "lvl": "target", "msg": "[[0;32m  OK  [0m] Listening on [0;1;39mJournal Socket[0m."}
- {"dt": "2024-03-20T17:35:33.307127", "lvl": "target", "msg": "[  540.683583] systemd[1]: Listening on Network Service Netlink Socket."}
- {"dt": "2024-03-20T17:35:33.308252", "lvl": "target", "msg": "[[0;32m  OK  [0m] Listening on [0;1;39mNetwork Service Netlink Socket[0m."}
- {"dt": "2024-03-20T17:35:33.317450", "lvl": "target", "msg": "[  540.693986] systemd[1]: Listening on udev Control Socket."}
- {"dt": "2024-03-20T17:35:33.318893", "lvl": "target", "msg": "[[0;32m  OK  [0m] Listening on [0;1;39mudev Control Socket[0m."}
- {"dt": "2024-03-20T17:35:33.325128", "lvl": "target", "msg": "[  540.701691] systemd[1]: Listening on udev Kernel Socket."}
- {"dt": "2024-03-20T17:35:33.326344", "lvl": "target", "msg": "[[0;32m  OK  [0m] Listening on [0;1;39mudev Kernel Socket[0m."}
- {"dt": "2024-03-20T17:35:33.332276", "lvl": "target", "msg": "[  540.708860] systemd[1]: Listening on User Database Manager Socket."}
- {"dt": "2024-03-20T17:35:33.333277", "lvl": "target", "msg": "[[0;32m  OK  [0m] Listening on [0;1;39mUser Database Manager Socket[0m."}
- {"dt": "2024-03-20T17:35:33.408325", "lvl": "target", "msg": "[  540.784757] systemd[1]: Mounting Huge Pages File System..."}
- {"dt": "2024-03-20T17:35:33.410021", "lvl": "target", "msg": "         Mounting [0;1;39mHuge Pages File System[0m..."}
- {"dt": "2024-03-20T17:35:33.486760", "lvl": "target", "msg": "[  540.863111] systemd[1]: Mounting POSIX Message Queue File System..."}
- {"dt": "2024-03-20T17:35:33.488016", "lvl": "target", "msg": "         Mounting [0;1;39mPOSIX Message Queue File System[0m..."}
- {"dt": "2024-03-20T17:35:33.492817", "lvl": "target", "msg": "[  540.868673] systemd[1]: Mount /proc/xen files was skipped because of an unmet condition check (ConditionPathExists=/proc/xen)."}
- {"dt": "2024-03-20T17:35:33.584806", "lvl": "target", "msg": "[  540.960992] systemd[1]: Mounting Kernel Debug File System..."}
- {"dt": "2024-03-20T17:35:33.587937", "lvl": "target", "msg": "         Mounting [0;1;39mKernel Debug File System[0m..."}
- {"dt": "2024-03-20T17:35:33.671912", "lvl": "target", "msg": "[  541.048110] systemd[1]: Mounting Kernel Trace File System..."}
- {"dt": "2024-03-20T17:35:33.673445", "lvl": "target", "msg": "         Mounting [0;1;39mKernel Trace File System[0m..."}
- {"dt": "2024-03-20T17:35:33.750455", "lvl": "target", "msg": "[  541.126467] systemd[1]: Starting Create List of Static Device Nodes..."}
- {"dt": "2024-03-20T17:35:33.751916", "lvl": "target", "msg": "         Starting [0;1;39mCreate List of Static Device Nodes[0m..."}
- {"dt": "2024-03-20T17:35:33.800912", "lvl": "target", "msg": "[  541.177278] systemd[1]: Starting Load Kernel Module configfs..."}
- {"dt": "2024-03-20T17:35:33.803037", "lvl": "target", "msg": "         Starting [0;1;39mLoad Kernel Module configfs[0m..."}
- {"dt": "2024-03-20T17:35:33.847796", "lvl": "target", "msg": "[  541.224184] systemd[1]: Starting Load Kernel Module drm..."}
- {"dt": "2024-03-20T17:35:33.849662", "lvl": "target", "msg": "         Starting [0;1;39mLoad Kernel Module drm[0m..."}
- {"dt": "2024-03-20T17:35:33.902831", "lvl": "target", "msg": "[  541.279180] systemd[1]: Starting Load Kernel Module fuse..."}
- {"dt": "2024-03-20T17:35:33.905162", "lvl": "target", "msg": "         Starting [0;1;39mLoad Kernel Module fuse[0m..."}
- {"dt": "2024-03-20T17:35:34.023477", "lvl": "target", "msg": "[  541.399163] systemd[1]: Starting RPC Bind..."}
- {"dt": "2024-03-20T17:35:34.032531", "lvl": "target", "msg": "         Starting [0;1;39mRPC Bind[0m..."}
- {"dt": "2024-03-20T17:35:34.038547", "lvl": "target", "msg": "[  541.415075] fuse: init (API version 7.38)"}
- {"dt": "2024-03-20T17:35:34.040580", "lvl": "target", "msg": "[  541.416711] systemd[1]: File System Check on Root Device was skipped because of an unmet condition check (ConditionPathIsReadWrite=!/)."}
- {"dt": "2024-03-20T17:35:34.172324", "lvl": "target", "msg": "[  541.548539] systemd[1]: Starting Journal Service..."}
- {"dt": "2024-03-20T17:35:34.174775", "lvl": "target", "msg": "         Starting [0;1;39mJournal Service[0m..."}
- {"dt": "2024-03-20T17:35:34.264101", "lvl": "target", "msg": "[  541.640471] systemd[1]: Starting Load Kernel Modules..."}
- {"dt": "2024-03-20T17:35:34.265355", "lvl": "target", "msg": "         Starting [0;1;39mLoad Kernel Modules[0m..."}
- {"dt": "2024-03-20T17:35:34.352695", "lvl": "target", "msg": "[  541.728862] systemd[1]: Starting Generate network units from Kernel command line..."}
- {"dt": "2024-03-20T17:35:34.355121", "lvl": "target", "msg": "         Starting [0;1;39mGenerate network units from Kernel command line[0m..."}
- {"dt": "2024-03-20T17:35:34.419858", "lvl": "target", "msg": "[  541.796202] systemd[1]: Starting Remount Root and Kernel File Systems..."}
- {"dt": "2024-03-20T17:35:34.421594", "lvl": "target", "msg": "         Starting [0;1;39mRemount Root and Kernel File Systems[0m..."}
- {"dt": "2024-03-20T17:35:34.570760", "lvl": "target", "msg": "[  541.947058] openvswitch: Open vSwitch switching datapath"}
- {"dt": "2024-03-20T17:35:34.588895", "lvl": "target", "msg": "[  541.965259] systemd[1]: Starting Coldplug All udev Devices..."}
- {"dt": "2024-03-20T17:35:34.590871", "lvl": "target", "msg": "         Starting [0;1;39mColdplug All udev Devices[0m..."}
- {"dt": "2024-03-20T17:35:34.596278", "lvl": "target", "msg": "[  541.972467] systemd-journald[665]: Collecting audit messages is enabled."}
- {"dt": "2024-03-20T17:35:34.698900", "lvl": "target", "msg": "[  542.075144] systemd[1]: Started RPC Bind."}
- {"dt": "2024-03-20T17:35:34.700396", "lvl": "target", "msg": "[[0;32m  OK  [0m] Started [0;1;39mRPC Bind[0m."}
- {"dt": "2024-03-20T17:35:34.710274", "lvl": "target", "msg": "[  542.085390] audit: type=1130 audit(1710956134.644:2): pid=1 uid=0 auid=4294967295 ses=4294967295 subj=kernel msg='unit=rpcbind comm=\"systemd\" exe=\"/usr/lib/systemd/systemd\" hostname=? addr=? terminal=? res=success'"}
- {"dt": "2024-03-20T17:35:34.719420", "lvl": "target", "msg": "[  542.095830] systemd[1]: Mounted Huge Pages File System."}
- {"dt": "2024-03-20T17:35:34.721278", "lvl": "target", "msg": "[[0;32m  OK  [0m] Mounted [0;1;39mHuge Pages File System[0m."}
- {"dt": "2024-03-20T17:35:34.733214", "lvl": "target", "msg": "[  542.109681] systemd[1]: Mounted POSIX Message Queue File System."}
- {"dt": "2024-03-20T17:35:34.735074", "lvl": "target", "msg": "[[0;32m  OK  [0m] Mounted [0;1;39mPOSIX Message Queue File System[0m."}
- {"dt": "2024-03-20T17:35:34.739941", "lvl": "target", "msg": "[  542.116558] systemd[1]: Mounted Kernel Debug File System."}
- {"dt": "2024-03-20T17:35:34.740908", "lvl": "target", "msg": "[[0;32m  OK  [0m] Mounted [0;1;39mKernel Debug File System[0m."}
- {"dt": "2024-03-20T17:35:34.746350", "lvl": "target", "msg": "[  542.122919] systemd[1]: Mounted Kernel Trace File System."}
- {"dt": "2024-03-20T17:35:34.747351", "lvl": "target", "msg": "[[0;32m  OK  [0m] Mounted [0;1;39mKernel Trace File System[0m."}
- {"dt": "2024-03-20T17:35:34.774416", "lvl": "target", "msg": "[  542.150527] systemd[1]: Finished Create List of Static Device Nodes."}
- {"dt": "2024-03-20T17:35:34.775871", "lvl": "target", "msg": "[[0;32m  OK  [0m] Finished [0;1;39mCreate List of Static Device Nodes[0m."}
- {"dt": "2024-03-20T17:35:34.779260", "lvl": "target", "msg": "[  542.154180] audit: type=1130 audit(1710956134.712:3): pid=1 uid=0 auid=4294967295 ses=4294967295 subj=kernel msg='unit=kmod-static-nodes comm=\"systemd\" exe=\"/usr/lib/systemd/systemd\" hostname=? addr=? terminal=? res=success'"}
- {"dt": "2024-03-20T17:35:34.807211", "lvl": "target", "msg": "[  542.183566] systemd[1]: modprobe@configfs.service: Deactivated successfully."}
- {"dt": "2024-03-20T17:35:34.821019", "lvl": "target", "msg": "[  542.197537] systemd[1]: Finished Load Kernel Module configfs."}
- {"dt": "2024-03-20T17:35:34.822741", "lvl": "target", "msg": "[[0;32m  OK  [0m] Finished [0;1;39mLoad Kernel Module configfs[0m."}
- {"dt": "2024-03-20T17:35:34.829027", "lvl": "target", "msg": "[  542.204409] audit: type=1130 audit(1710956134.764:4): pid=1 uid=0 auid=4294967295 ses=4294967295 subj=kernel msg='unit=modprobe@configfs comm=\"systemd\" exe=\"/usr/lib/systemd/systemd\" hostname=? addr=? terminal=? res=success'"}
- {"dt": "2024-03-20T17:35:34.832369", "lvl": "target", "msg": "[  542.207733] audit: type=1131 audit(1710956134.768:5): pid=1 uid=0 auid=4294967295 ses=4294967295 subj=kernel msg='unit=modprobe@configfs comm=\"systemd\" exe=\"/usr/lib/systemd/systemd\" hostname=? addr=? terminal=? res=success'"}
- {"dt": "2024-03-20T17:35:34.878555", "lvl": "target", "msg": "[  542.254898] systemd[1]: modprobe@drm.service: Deactivated successfully."}
- {"dt": "2024-03-20T17:35:34.888893", "lvl": "target", "msg": "[  542.265167] systemd[1]: Finished Load Kernel Module drm."}
- {"dt": "2024-03-20T17:35:34.890875", "lvl": "target", "msg": "[[0;32m  OK  [0m] Finished [0;1;39mLoad Kernel Module drm[0m."}
- {"dt": "2024-03-20T17:35:34.893943", "lvl": "target", "msg": "[  542.268848] audit: type=1130 audit(1710956134.828:6): pid=1 uid=0 auid=4294967295 ses=4294967295 subj=kernel msg='unit=modprobe@drm comm=\"systemd\" exe=\"/usr/lib/systemd/systemd\" hostname=? addr=? terminal=? res=success'"}
- {"dt": "2024-03-20T17:35:34.902048", "lvl": "target", "msg": "[  542.276773] audit: type=1131 audit(1710956134.832:7): pid=1 uid=0 auid=4294967295 ses=4294967295 subj=kernel msg='unit=modprobe@drm comm=\"systemd\" exe=\"/usr/lib/systemd/systemd\" hostname=? addr=? terminal=? res=success'"}
- {"dt": "2024-03-20T17:35:34.926153", "lvl": "target", "msg": "[  542.302480] systemd[1]: modprobe@fuse.service: Deactivated successfully."}
- {"dt": "2024-03-20T17:35:34.940386", "lvl": "target", "msg": "[  542.316434] systemd[1]: Finished Load Kernel Module fuse."}
- {"dt": "2024-03-20T17:35:34.944658", "lvl": "target", "msg": "[[0;32m  OK  [0m] Finished [0;1;39mLoad Kernel Module fuse[0m."}
- {"dt": "2024-03-20T17:35:34.950895", "lvl": "target", "msg": "[  542.324797] audit: type=1130 audit(1710956134.884:8): pid=1 uid=0 auid=4294967295 ses=4294967295 subj=kernel msg='unit=modprobe@fuse comm=\"systemd\" exe=\"/usr/lib/systemd/systemd\" hostname=? addr=? terminal=? res=success'"}
